Archive member included to satisfy reference by file (symbol)

../libs\libarm_cortexM4lf_math.a(arm_rms_f32.o)
                              Core/Src/main.o (arm_rms_f32)
../libs\libarm_cortexM4lf_math.a(arm_biquad_cascade_df1_init_f32.o)
                              Core/Src/main.o (arm_biquad_cascade_df1_init_f32)
../libs\libarm_cortexM4lf_math.a(arm_biquad_cascade_df1_f32.o)
                              Core/Src/main.o (arm_biquad_cascade_df1_f32)
c:/st/stm32cubeide_1.5.0/stm32cubeide/plugins/com.st.stm32cube.ide.mcu.externaltools.gnu-tools-for-stm32.7-2018-q2-update.win32_1.5.0.202011040924/tools/bin/../lib/gcc/arm-none-eabi/7.3.1/../../../../arm-none-eabi/lib/thumb/v7e-m/fpv4-sp/hard\libc_nano.a(lib_a-errno.o)
                              Core/Src/syscalls.o (__errno)
c:/st/stm32cubeide_1.5.0/stm32cubeide/plugins/com.st.stm32cube.ide.mcu.externaltools.gnu-tools-for-stm32.7-2018-q2-update.win32_1.5.0.202011040924/tools/bin/../lib/gcc/arm-none-eabi/7.3.1/../../../../arm-none-eabi/lib/thumb/v7e-m/fpv4-sp/hard\libc_nano.a(lib_a-exit.o)
                              c:/st/stm32cubeide_1.5.0/stm32cubeide/plugins/com.st.stm32cube.ide.mcu.externaltools.gnu-tools-for-stm32.7-2018-q2-update.win32_1.5.0.202011040924/tools/bin/../lib/gcc/arm-none-eabi/7.3.1/../../../../arm-none-eabi/lib/thumb/v7e-m/fpv4-sp/hard/crt0.o (exit)
c:/st/stm32cubeide_1.5.0/stm32cubeide/plugins/com.st.stm32cube.ide.mcu.externaltools.gnu-tools-for-stm32.7-2018-q2-update.win32_1.5.0.202011040924/tools/bin/../lib/gcc/arm-none-eabi/7.3.1/../../../../arm-none-eabi/lib/thumb/v7e-m/fpv4-sp/hard\libc_nano.a(lib_a-impure.o)
                              c:/st/stm32cubeide_1.5.0/stm32cubeide/plugins/com.st.stm32cube.ide.mcu.externaltools.gnu-tools-for-stm32.7-2018-q2-update.win32_1.5.0.202011040924/tools/bin/../lib/gcc/arm-none-eabi/7.3.1/../../../../arm-none-eabi/lib/thumb/v7e-m/fpv4-sp/hard\libc_nano.a(lib_a-exit.o) (_global_impure_ptr)
c:/st/stm32cubeide_1.5.0/stm32cubeide/plugins/com.st.stm32cube.ide.mcu.externaltools.gnu-tools-for-stm32.7-2018-q2-update.win32_1.5.0.202011040924/tools/bin/../lib/gcc/arm-none-eabi/7.3.1/../../../../arm-none-eabi/lib/thumb/v7e-m/fpv4-sp/hard\libc_nano.a(lib_a-init.o)
                              c:/st/stm32cubeide_1.5.0/stm32cubeide/plugins/com.st.stm32cube.ide.mcu.externaltools.gnu-tools-for-stm32.7-2018-q2-update.win32_1.5.0.202011040924/tools/bin/../lib/gcc/arm-none-eabi/7.3.1/../../../../arm-none-eabi/lib/thumb/v7e-m/fpv4-sp/hard/crt0.o (__libc_init_array)
c:/st/stm32cubeide_1.5.0/stm32cubeide/plugins/com.st.stm32cube.ide.mcu.externaltools.gnu-tools-for-stm32.7-2018-q2-update.win32_1.5.0.202011040924/tools/bin/../lib/gcc/arm-none-eabi/7.3.1/../../../../arm-none-eabi/lib/thumb/v7e-m/fpv4-sp/hard\libc_nano.a(lib_a-memcpy-stub.o)
                              Core/Src/main.o (memcpy)
c:/st/stm32cubeide_1.5.0/stm32cubeide/plugins/com.st.stm32cube.ide.mcu.externaltools.gnu-tools-for-stm32.7-2018-q2-update.win32_1.5.0.202011040924/tools/bin/../lib/gcc/arm-none-eabi/7.3.1/../../../../arm-none-eabi/lib/thumb/v7e-m/fpv4-sp/hard\libc_nano.a(lib_a-memset.o)
                              c:/st/stm32cubeide_1.5.0/stm32cubeide/plugins/com.st.stm32cube.ide.mcu.externaltools.gnu-tools-for-stm32.7-2018-q2-update.win32_1.5.0.202011040924/tools/bin/../lib/gcc/arm-none-eabi/7.3.1/../../../../arm-none-eabi/lib/thumb/v7e-m/fpv4-sp/hard/crt0.o (memset)
c:/st/stm32cubeide_1.5.0/stm32cubeide/plugins/com.st.stm32cube.ide.mcu.externaltools.gnu-tools-for-stm32.7-2018-q2-update.win32_1.5.0.202011040924/tools/bin/../lib/gcc/arm-none-eabi/7.3.1/../../../../arm-none-eabi/lib/thumb/v7e-m/fpv4-sp/hard\libc_nano.a(lib_a-nano-vfprintf_float.o)
                              (_printf_float)
c:/st/stm32cubeide_1.5.0/stm32cubeide/plugins/com.st.stm32cube.ide.mcu.externaltools.gnu-tools-for-stm32.7-2018-q2-update.win32_1.5.0.202011040924/tools/bin/../lib/gcc/arm-none-eabi/7.3.1/../../../../arm-none-eabi/lib/thumb/v7e-m/fpv4-sp/hard\libc_nano.a(lib_a-nano-vfprintf_i.o)
                              c:/st/stm32cubeide_1.5.0/stm32cubeide/plugins/com.st.stm32cube.ide.mcu.externaltools.gnu-tools-for-stm32.7-2018-q2-update.win32_1.5.0.202011040924/tools/bin/../lib/gcc/arm-none-eabi/7.3.1/../../../../arm-none-eabi/lib/thumb/v7e-m/fpv4-sp/hard\libc_nano.a(lib_a-nano-vfprintf_float.o) (_printf_common)
c:/st/stm32cubeide_1.5.0/stm32cubeide/plugins/com.st.stm32cube.ide.mcu.externaltools.gnu-tools-for-stm32.7-2018-q2-update.win32_1.5.0.202011040924/tools/bin/../lib/gcc/arm-none-eabi/7.3.1/../../../../arm-none-eabi/lib/thumb/v7e-m/fpv4-sp/hard\libc_nano.a(lib_a-sprintf.o)
                              Core/Src/main.o (sprintf)
c:/st/stm32cubeide_1.5.0/stm32cubeide/plugins/com.st.stm32cube.ide.mcu.externaltools.gnu-tools-for-stm32.7-2018-q2-update.win32_1.5.0.202011040924/tools/bin/../lib/gcc/arm-none-eabi/7.3.1/../../../../arm-none-eabi/lib/thumb/v7e-m/fpv4-sp/hard\libc_nano.a(lib_a-strlen.o)
[...]
Memory Configuration

Name             Origin             Length             Attributes
CCMRAM           0x0000000010000000 0x0000000000002000 xrw
RAM              0x0000000020000000 0x000000000000a000 xrw
FLASH            0x0000000008000000 0x0000000000040000 xr
*default*        0x0000000000000000 0xffffffffffffffff

Linker script and memory map

LOAD c:/st/stm32cubeide_1.5.0/stm32cubeide/plugins/com.st.stm32cube.ide.mcu.externaltools.gnu-tools-for-stm32.7-2018-q2-update.win32_1.5.0.202011040924/tools/bin/../lib/gcc/arm-none-eabi/7.3.1/thumb/v7e-m/fpv4-sp/hard/crti.o
LOAD c:/st/stm32cubeide_1.5.0/stm32cubeide/plugins/com.st.stm32cube.ide.mcu.externaltools.gnu-tools-for-stm32.7-2018-q2-update.win32_1.5.0.202011040924/tools/bin/../lib/gcc/arm-none-eabi/7.3.1/thumb/v7e-m/fpv4-sp/hard/crtbegin.o
LOAD c:/st/stm32cubeide_1.5.0/stm32cubeide/plugins/com.st.stm32cube.ide.mcu.externaltools.gnu-tools-for-stm32.7-2018-q2-update.win32_1.5.0.202011040924/tools/bin/../lib/gcc/arm-none-eabi/7.3.1/../../../../arm-none-eabi/lib/thumb/v7e-m/fpv4-sp/hard/crt0.o
LOAD Core/Src/FilterOnePole.o
LOAD Core/Src/RunningStatistics.o
LOAD Core/Src/dwt_delay.o
LOAD Core/Src/freertos.o
LOAD Core/Src/main.o
LOAD Core/Src/stm32f3xx_hal_msp.o
LOAD Core/Src/stm32f3xx_hal_timebase_tim.o
LOAD Core/Src/stm32f3xx_it.o
LOAD Core/Src/syscalls.o
LOAD Core/Src/sysmem.o
LOAD Core/Src/system_stm32f3xx.o
LOAD Core/Startup/startup_stm32f303cctx.o
LOAD Drivers/STM32F3xx_HAL_Driver/Src/stm32f3xx_hal.o
LOAD Drivers/STM32F3xx_HAL_Driver/Src/stm32f3xx_hal_adc.o
LOAD Drivers/STM32F3xx_HAL_Driver/Src/stm32f3xx_hal_adc_ex.o
LOAD Drivers/STM32F3xx_HAL_Driver/Src/stm32f3xx_hal_cortex.o
LOAD Drivers/STM32F3xx_HAL_Driver/Src/stm32f3xx_hal_dma.o
LOAD Drivers/STM32F3xx_HAL_Driver/Src/stm32f3xx_hal_exti.o
LOAD Drivers/STM32F3xx_HAL_Driver/Src/stm32f3xx_hal_flash.o
LOAD Drivers/STM32F3xx_HAL_Driver/Src/stm32f3xx_hal_flash_ex.o
LOAD Drivers/STM32F3xx_HAL_Driver/Src/stm32f3xx_hal_gpio.o
LOAD Drivers/STM32F3xx_HAL_Driver/Src/stm32f3xx_hal_i2c.o
LOAD Drivers/STM32F3xx_HAL_Driver/Src/stm32f3xx_hal_i2c_ex.o
LOAD Drivers/STM32F3xx_HAL_Driver/Src/stm32f3xx_hal_pwr.o
LOAD Drivers/STM32F3xx_HAL_Driver/Src/stm32f3xx_hal_pwr_ex.o
LOAD Drivers/STM32F3xx_HAL_Driver/Src/stm32f3xx_hal_rcc.o
LOAD Drivers/STM32F3xx_HAL_Driver/Src/stm32f3xx_hal_rcc_ex.o
LOAD Drivers/STM32F3xx_HAL_Driver/Src/stm32f3xx_hal_tim.o
LOAD Drivers/STM32F3xx_HAL_Driver/Src/stm32f3xx_hal_tim_ex.o
LOAD Drivers/STM32F3xx_HAL_Driver/Src/stm32f3xx_hal_uart.o
LOAD Drivers/STM32F3xx_HAL_Driver/Src/stm32f3xx_hal_uart_ex.o
LOAD Middlewares/Third_Party/FreeRTOS/Source/CMSIS_RTOS_V2/cmsis_os2.o
LOAD Middlewares/Third_Party/FreeRTOS/Source/croutine.o
LOAD Middlewares/Third_Party/FreeRTOS/Source/event_groups.o
LOAD Middlewares/Third_Party/FreeRTOS/Source/list.o
LOAD Middlewares/Third_Party/FreeRTOS/Source/queue.o
LOAD Middlewares/Third_Party/FreeRTOS/Source/stream_buffer.o
LOAD Middlewares/Third_Party/FreeRTOS/Source/tasks.o
LOAD Middlewares/Third_Party/FreeRTOS/Source/timers.o
LOAD Middlewares/Third_Party/FreeRTOS/Source/portable/GCC/ARM_CM4F/port.o
LOAD Middlewares/Third_Party/FreeRTOS/Source/portable/MemMang/heap_4.o
LOAD ../libs\libarm_cortexM4lf_math.a
START GROUP
LOAD c:/st/stm32cubeide_1.5.0/stm32cubeide/plugins/com.st.stm32cube.ide.mcu.externaltools.gnu-tools-for-stm32.7-2018-q2-update.win32_1.5.0.202011040924/tools/bin/../lib/gcc/arm-none-eabi/7.3.1/../../../../arm-none-eabi/lib/thumb/v7e-m/fpv4-sp/hard\libc_nano.a
LOAD c:/st/stm32cubeide_1.5.0/stm32cubeide/plugins/com.st.stm32cube.ide.mcu.externaltools.gnu-tools-for-stm32.7-2018-q2-update.win32_1.5.0.202011040924/tools/bin/../lib/gcc/arm-none-eabi/7.3.1/../../../../arm-none-eabi/lib/thumb/v7e-m/fpv4-sp/hard\libm.a
END GROUP
START GROUP
LOAD c:/st/stm32cubeide_1.5.0/stm32cubeide/plugins/com.st.stm32cube.ide.mcu.externaltools.gnu-tools-for-stm32.7-2018-q2-update.win32_1.5.0.202011040924/tools/bin/../lib/gcc/arm-none-eabi/7.3.1/thumb/v7e-m/fpv4-sp/hard\libgcc.a
LOAD c:/st/stm32cubeide_1.5.0/stm32cubeide/plugins/com.st.stm32cube.ide.mcu.externaltools.gnu-tools-for-stm32.7-2018-q2-update.win32_1.5.0.202011040924/tools/bin/../lib/gcc/arm-none-eabi/7.3.1/../../../../arm-none-eabi/lib/thumb/v7e-m/fpv4-sp/hard\libc_nano.a
END GROUP
START GROUP
LOAD c:/st/stm32cubeide_1.5.0/stm32cubeide/plugins/com.st.stm32cube.ide.mcu.externaltools.gnu-tools-for-stm32.7-2018-q2-update.win32_1.5.0.202011040924/tools/bin/../lib/gcc/arm-none-eabi/7.3.1/thumb/v7e-m/fpv4-sp/hard\libgcc.a
LOAD c:/st/stm32cubeide_1.5.0/stm32cubeide/plugins/com.st.stm32cube.ide.mcu.externaltools.gnu-tools-for-stm32.7-2018-q2-update.win32_1.5.0.202011040924/tools/bin/../lib/gcc/arm-none-eabi/7.3.1/../../../../arm-none-eabi/lib/thumb/v7e-m/fpv4-sp/hard\libc_nano.a
LOAD c:/st/stm32cubeide_1.5.0/stm32cubeide/plugins/com.st.stm32cube.ide.mcu.externaltools.gnu-tools-for-stm32.7-2018-q2-update.win32_1.5.0.202011040924/tools/bin/../lib/gcc/arm-none-eabi/7.3.1/../../../../arm-none-eabi/lib/thumb/v7e-m/fpv4-sp/hard\libnosys.a
END GROUP
START GROUP
LOAD c:/st/stm32cubeide_1.5.0/stm32cubeide/plugins/com.st.stm32cube.ide.mcu.externaltools.gnu-tools-for-stm32.7-2018-q2-update.win32_1.5.0.202011040924/tools/bin/../lib/gcc/arm-none-eabi/7.3.1/thumb/v7e-m/fpv4-sp/hard\libgcc.a
LOAD c:/st/stm32cubeide_1.5.0/stm32cubeide/plugins/com.st.stm32cube.ide.mcu.externaltools.gnu-tools-for-stm32.7-2018-q2-update.win32_1.5.0.202011040924/tools/bin/../lib/gcc/arm-none-eabi/7.3.1/../../../../arm-none-eabi/lib/thumb/v7e-m/fpv4-sp/hard\libc_nano.a
LOAD c:/st/stm32cubeide_1.5.0/stm32cubeide/plugins/com.st.stm32cube.ide.mcu.externaltools.gnu-tools-for-stm32.7-2018-q2-update.win32_1.5.0.202011040924/tools/bin/../lib/gcc/arm-none-eabi/7.3.1/../../../../arm-none-eabi/lib/thumb/v7e-m/fpv4-sp/hard\libnosys.a
END GROUP
LOAD c:/st/stm32cubeide_1.5.0/stm32cubeide/plugins/com.st.stm32cube.ide.mcu.externaltools.gnu-tools-for-stm32.7-2018-q2-update.win32_1.5.0.202011040924/tools/bin/../lib/gcc/arm-none-eabi/7.3.1/thumb/v7e-m/fpv4-sp/hard/crtend.o
LOAD c:/st/stm32cubeide_1.5.0/stm32cubeide/plugins/com.st.stm32cube.ide.mcu.externaltools.gnu-tools-for-stm32.7-2018-q2-update.win32_1.5.0.202011040924/tools/bin/../lib/gcc/arm-none-eabi/7.3.1/thumb/v7e-m/fpv4-sp/hard/crtn.o
                0x000000002000a000                _estack = (ORIGIN (RAM) + LENGTH (RAM))
                0x0000000000000200                _Min_Heap_Size = 0x200
                0x0000000000000400                _Min_Stack_Size = 0x400

.isr_vector     0x0000000008000000      0x188
                0x0000000008000000                . = ALIGN (0x4)
 *(.isr_vector)
 .isr_vector    0x0000000008000000      0x188 Core/Startup/startup_stm32f303cctx.o
                0x0000000008000000                g_pfnVectors
                0x0000000008000188                . = ALIGN (0x4)

.text           0x0000000008000190     0xca20
                0x0000000008000190                . = ALIGN (0x4)
 *(.text)
 .text          0x0000000008000190       0x40 c:/st/stm32cubeide_1.5.0/stm32cubeide/plugins/com.st.stm32cube.ide.mcu.externaltools.gnu-tools-for-stm32.7-2018-q2-update.win32_1.5.0.202011040924/tools/bin/../lib/gcc/arm-none-eabi/7.3.1/thumb/v7e-m/fpv4-sp/hard/crtbegin.o
 .text          0x00000000080001d0       0x10 c:/st/stm32cubeide_1.5.0/stm32cubeide/plugins/com.st.stm32cube.ide.mcu.externaltools.gnu-tools-for-stm32.7-2018-q2-update.win32_1.5.0.202011040924/tools/bin/../lib/gcc/arm-none-eabi/7.3.1/../../../../arm-none-eabi/lib/thumb/v7e-m/fpv4-sp/hard\libc_nano.a(lib_a-strlen.o)
                0x00000000080001d0                strlen
 .text          0x00000000080001e0       0xa0 c:/st/stm32cubeide_1.5.0/stm32cubeide/plugins/com.st.stm32cube.ide.mcu.externaltools.gnu-tools-for-stm32.7-2018-q2-update.win32_1.5.0.202011040924/tools/bin/../lib/gcc/arm-none-eabi/7.3.1/../../../../arm-none-eabi/lib/thumb/v7e-m/fpv4-sp/hard\libc_nano.a(lib_a-memchr.o)
                0x00000000080001e0                memchr
 .text          0x0000000008000280      0x378 c:/st/stm32cubeide_1.5.0/stm32cubeide/plugins/com.st.stm32cube.ide.mcu.externaltools.gnu-tools-for-stm32.7-2018-q2-update.win32_1.5.0.202011040924/tools/bin/../lib/gcc/arm-none-eabi/7.3.1/thumb/v7e-m/fpv4-sp/hard\libgcc.a(_arm_addsubdf3.o)
                0x0000000008000280                __aeabi_drsub
                0x0000000008000288                __aeabi_dsub
                0x0000000008000288                __subdf3
                0x000000000800028c                __aeabi_dadd
                0x000000000800028c                __adddf3
                0x0000000008000504                __floatunsidf
                0x0000000008000504                __aeabi_ui2d
                0x0000000008000524                __floatsidf
                0x0000000008000524                __aeabi_i2d
                0x0000000008000548                __aeabi_f2d
                0x0000000008000548                __extendsfdf2
                0x000000000800058c                __floatundidf
                0x000000000800058c                __aeabi_ul2d
                0x000000000800059c                __floatdidf
                0x000000000800059c                __aeabi_l2d
 .text          0x00000000080005f8      0x424 c:/st/stm32cubeide_1.5.0/stm32cubeide/plugins/com.st.stm32cube.ide.mcu.externaltools.gnu-tools-for-stm32.7-2018-q2-update.win32_1.5.0.202011040924/tools/bin/../lib/gcc/arm-none-eabi/7.3.1/thumb/v7e-m/fpv4-sp/hard\libgcc.a(_arm_muldivdf3.o)
                0x00000000080005f8                __aeabi_dmul
                0x00000000080005f8                __muldf3
                0x000000000800084c                __divdf3
                0x000000000800084c                __aeabi_ddiv
 .text          0x0000000008000a1c      0x110 c:/st/stm32cubeide_1.5.0/stm32cubeide/plugins/com.st.stm32cube.ide.mcu.externaltools.gnu-tools-for-stm32.7-2018-q2-update.win32_1.5.0.202011040924/tools/bin/../lib/gcc/arm-none-eabi/7.3.1/thumb/v7e-m/fpv4-sp/hard\libgcc.a(_arm_cmpdf2.o)
                0x0000000008000a1c                __gtdf2
                0x0000000008000a1c                __gedf2
                0x0000000008000a24                __ltdf2
                0x0000000008000a24                __ledf2
                0x0000000008000a2c                __nedf2
                0x0000000008000a2c                __eqdf2
                0x0000000008000a2c                __cmpdf2
                0x0000000008000aa8                __aeabi_cdrcmple
                0x0000000008000ab8                __aeabi_cdcmpeq
                0x0000000008000ab8                __aeabi_cdcmple
                0x0000000008000ac8                __aeabi_dcmpeq
                0x0000000008000adc                __aeabi_dcmplt
                0x0000000008000af0                __aeabi_dcmple
                0x0000000008000b04                __aeabi_dcmpge
                0x0000000008000b18                __aeabi_dcmpgt
 .text          0x0000000008000b2c       0x2c c:/st/stm32cubeide_1.5.0/stm32cubeide/plugins/com.st.stm32cube.ide.mcu.externaltools.gnu-tools-for-stm32.7-2018-q2-update.win32_1.5.0.202011040924/tools/bin/../lib/gcc/arm-none-eabi/7.3.1/thumb/v7e-m/fpv4-sp/hard\libgcc.a(_arm_unorddf2.o)
                0x0000000008000b2c                __unorddf2
                0x0000000008000b2c                __aeabi_dcmpun
 .text          0x0000000008000b58       0x50 c:/st/stm32cubeide_1.5.0/stm32cubeide/plugins/com.st.stm32cube.ide.mcu.externaltools.gnu-tools-for-stm32.7-2018-q2-update.win32_1.5.0.202011040924/tools/bin/../lib/gcc/arm-none-eabi/7.3.1/thumb/v7e-m/fpv4-sp/hard\libgcc.a(_arm_fixdfsi.o)
                0x0000000008000b58                __aeabi_d2iz
                0x0000000008000b58                __fixdfsi
 .text          0x0000000008000ba8       0xa0 c:/st/stm32cubeide_1.5.0/stm32cubeide/plugins/com.st.stm32cube.ide.mcu.externaltools.gnu-tools-for-stm32.7-2018-q2-update.win32_1.5.0.202011040924/tools/bin/../lib/gcc/arm-none-eabi/7.3.1/thumb/v7e-m/fpv4-sp/hard\libgcc.a(_arm_truncdfsf2.o)
                0x0000000008000ba8                __truncdfsf2
                0x0000000008000ba8                __aeabi_d2f
 *(.text*)
 .text.DWT_Init
                0x0000000008000c48       0x40 Core/Src/dwt_delay.o
                0x0000000008000c48                DWT_Init
 .text.module_init
                0x0000000008000c88      0x17c Core/Src/main.o
                0x0000000008000c88                module_init
 .text.main     0x0000000008000e04      0x1c0 Core/Src/main.o
                0x0000000008000e04                main
 .text.SystemClock_Config
                0x0000000008000fc4       0xb8 Core/Src/main.o
                0x0000000008000fc4                SystemClock_Config
 .text.MX_ADC1_Init
                0x000000000800107c      0x134 Core/Src/main.o
 .text.MX_ADC2_Init
                0x00000000080011b0      0x110 Core/Src/main.o
 .text.MX_ADC3_Init
                0x00000000080012c0      0x138 Core/Src/main.o
 .text.MX_ADC4_Init
                0x00000000080013f8       0xbc Core/Src/main.o
 .text.MX_TIM2_Init
                0x00000000080014b4       0x9c Core/Src/main.o
 .text.MX_USART1_UART_Init
                0x0000000008001550       0x60 Core/Src/main.o
 .text.MX_USART3_UART_Init
                0x00000000080015b0       0x60 Core/Src/main.o
 .text.MX_DMA_Init
                0x0000000008001610       0x84 Core/Src/main.o
 .text.MX_GPIO_Init
                0x0000000008001694       0xc8 Core/Src/main.o
 .text.HAL_ADC_ConvCpltCallback
                0x000000000800175c       0x8c Core/Src/main.o
                0x000000000800175c                HAL_ADC_ConvCpltCallback
 .text.HAL_ADC_ConvHalfCpltCallback
                0x00000000080017e8       0x14 Core/Src/main.o
                0x00000000080017e8                HAL_ADC_ConvHalfCpltCallback
 .text.HAL_UART_RxCpltCallback
                0x00000000080017fc       0xcc Core/Src/main.o
                0x00000000080017fc                HAL_UART_RxCpltCallback
 .text.StartADC1Task
                0x00000000080018c8      0x230 Core/Src/main.o
                0x00000000080018c8                StartADC1Task
 .text.StartSendPowerTask
                0x0000000008001af8       0xa8 Core/Src/main.o
                0x0000000008001af8                StartSendPowerTask
 .text.StartProcessDataTask
                0x0000000008001ba0       0xc4 Core/Src/main.o
                0x0000000008001ba0                StartProcessDataTask
 *fill*         0x0000000008001c64        0x4 
 .text.StartADC2Task
                0x0000000008001c68      0x23c Core/Src/main.o
                0x0000000008001c68                StartADC2Task
 *fill*         0x0000000008001ea4        0x4 
 .text.StartADC3Task
                0x0000000008001ea8      0x23c Core/Src/main.o
                0x0000000008001ea8                StartADC3Task
 .text.StartADC4Task
                0x00000000080020e4       0x28 Core/Src/main.o
                0x00000000080020e4                StartADC4Task
 .text.HAL_TIM_PeriodElapsedCallback
                0x000000000800210c       0x24 Core/Src/main.o
                0x000000000800210c                HAL_TIM_PeriodElapsedCallback
 .text.Error_Handler
                0x0000000008002130        0xe Core/Src/main.o
                0x0000000008002130                Error_Handler
 *fill*         0x000000000800213e        0x2 
 .text.HAL_MspInit
                0x0000000008002140       0x50 Core/Src/stm32f3xx_hal_msp.o
                0x0000000008002140                HAL_MspInit
 .text.HAL_ADC_MspInit
                0x0000000008002190      0x348 Core/Src/stm32f3xx_hal_msp.o
                0x0000000008002190                HAL_ADC_MspInit
 .text.HAL_TIM_Base_MspInit
                0x00000000080024d8       0x48 Core/Src/stm32f3xx_hal_msp.o
                0x00000000080024d8                HAL_TIM_Base_MspInit
 .text.HAL_UART_MspInit
                0x0000000008002520       0xfc Core/Src/stm32f3xx_hal_msp.o
                0x0000000008002520                HAL_UART_MspInit
 .text.HAL_InitTick
                0x000000000800261c       0xb0 Core/Src/stm32f3xx_hal_timebase_tim.o
                0x000000000800261c                HAL_InitTick
 .text.NMI_Handler
                0x00000000080026cc        0xe Core/Src/stm32f3xx_it.o
                0x00000000080026cc                NMI_Handler
 *fill*         0x00000000080026da        0x2 
 .text.HardFault_Handler
                0x00000000080026dc       0x24 Core/Src/stm32f3xx_it.o
                0x00000000080026dc                HardFault_Handler
 .text.MemManage_Handler
                0x0000000008002700        0x6 Core/Src/stm32f3xx_it.o
                0x0000000008002700                MemManage_Handler
 .text.BusFault_Handler
                0x0000000008002706        0x6 Core/Src/stm32f3xx_it.o
                0x0000000008002706                BusFault_Handler
 .text.UsageFault_Handler
                0x000000000800270c        0x6 Core/Src/stm32f3xx_it.o
                0x000000000800270c                UsageFault_Handler
 .text.DebugMon_Handler
                0x0000000008002712        0xe Core/Src/stm32f3xx_it.o
                0x0000000008002712                DebugMon_Handler
 .text.DMA1_Channel1_IRQHandler
                0x0000000008002720       0x14 Core/Src/stm32f3xx_it.o
                0x0000000008002720                DMA1_Channel1_IRQHandler
 .text.TIM2_IRQHandler
                0x0000000008002734       0x14 Core/Src/stm32f3xx_it.o
                0x0000000008002734                TIM2_IRQHandler
 .text.USART3_IRQHandler
                0x0000000008002748       0x28 Core/Src/stm32f3xx_it.o
                0x0000000008002748                USART3_IRQHandler
 .text.TIM7_IRQHandler
                0x0000000008002770       0x14 Core/Src/stm32f3xx_it.o
                0x0000000008002770                TIM7_IRQHandler
 .text.DMA2_Channel1_IRQHandler
                0x0000000008002784       0x14 Core/Src/stm32f3xx_it.o
                0x0000000008002784                DMA2_Channel1_IRQHandler
 .text.DMA2_Channel2_IRQHandler
                0x0000000008002798       0x14 Core/Src/stm32f3xx_it.o
                0x0000000008002798                DMA2_Channel2_IRQHandler
 .text.DMA2_Channel5_IRQHandler
                0x00000000080027ac       0x14 Core/Src/stm32f3xx_it.o
                0x00000000080027ac                DMA2_Channel5_IRQHandler
 .text._sbrk    0x00000000080027c0       0x6c Core/Src/sysmem.o
                0x00000000080027c0                _sbrk
 .text.SystemInit
                0x000000000800282c       0x24 Core/Src/system_stm32f3xx.o
                0x000000000800282c                SystemInit
 .text.Reset_Handler
                0x0000000008002850       0x50 Core/Startup/startup_stm32f303cctx.o
                0x0000000008002850                Reset_Handler
 .text.Default_Handler
                0x00000000080028a0        0x2 Core/Startup/startup_stm32f303cctx.o
                0x00000000080028a0                RTC_Alarm_IRQHandler
                0x00000000080028a0                TIM8_TRG_COM_IRQHandler
                0x00000000080028a0                TIM8_CC_IRQHandler
                0x00000000080028a0                TIM1_CC_IRQHandler
                0x00000000080028a0                USB_HP_IRQHandler
                0x00000000080028a0                PVD_IRQHandler
                0x00000000080028a0                TAMP_STAMP_IRQHandler
                0x00000000080028a0                EXTI3_IRQHandler
                0x00000000080028a0                USB_HP_CAN_TX_IRQHandler
                0x00000000080028a0                EXTI0_IRQHandler
                0x00000000080028a0                I2C2_EV_IRQHandler
                0x00000000080028a0                FPU_IRQHandler
                0x00000000080028a0                TIM1_UP_TIM16_IRQHandler
                0x00000000080028a0                ADC1_2_IRQHandler
                0x00000000080028a0                SPI1_IRQHandler
                0x00000000080028a0                CAN_SCE_IRQHandler
                0x00000000080028a0                TIM6_DAC_IRQHandler
                0x00000000080028a0                TIM8_UP_IRQHandler
                0x00000000080028a0                DMA1_Channel4_IRQHandler
                0x00000000080028a0                DMA1_Channel7_IRQHandler
                0x00000000080028a0                UART5_IRQHandler
                0x00000000080028a0                ADC3_IRQHandler
                0x00000000080028a0                TIM4_IRQHandler
                0x00000000080028a0                CAN_RX1_IRQHandler
                0x00000000080028a0                I2C1_EV_IRQHandler
                0x00000000080028a0                DMA1_Channel6_IRQHandler
                0x00000000080028a0                UART4_IRQHandler
                0x00000000080028a0                DMA2_Channel4_IRQHandler
                0x00000000080028a0                TIM3_IRQHandler
                0x00000000080028a0                RCC_IRQHandler
                0x00000000080028a0                Default_Handler
                0x00000000080028a0                USBWakeUp_RMP_IRQHandler
                0x00000000080028a0                EXTI15_10_IRQHandler
                0x00000000080028a0                EXTI9_5_IRQHandler
                0x00000000080028a0                RTC_WKUP_IRQHandler
                0x00000000080028a0                SPI2_IRQHandler
                0x00000000080028a0                USB_LP_CAN_RX0_IRQHandler
                0x00000000080028a0                DMA1_Channel5_IRQHandler
                0x00000000080028a0                USB_LP_IRQHandler
                0x00000000080028a0                EXTI4_IRQHandler
                0x00000000080028a0                TIM1_TRG_COM_TIM17_IRQHandler
                0x00000000080028a0                DMA1_Channel3_IRQHandler
                0x00000000080028a0                ADC4_IRQHandler
                0x00000000080028a0                WWDG_IRQHandler
                0x00000000080028a0                COMP7_IRQHandler
                0x00000000080028a0                COMP1_2_3_IRQHandler
                0x00000000080028a0                EXTI1_IRQHandler
                0x00000000080028a0                USART2_IRQHandler
                0x00000000080028a0                COMP4_5_6_IRQHandler
                0x00000000080028a0                I2C2_ER_IRQHandler
                0x00000000080028a0                DMA1_Channel2_IRQHandler
                0x00000000080028a0                TIM8_BRK_IRQHandler
                0x00000000080028a0                FLASH_IRQHandler
                0x00000000080028a0                USART1_IRQHandler
                0x00000000080028a0                SPI3_IRQHandler
                0x00000000080028a0                I2C1_ER_IRQHandler
                0x00000000080028a0                USBWakeUp_IRQHandler
                0x00000000080028a0                DMA2_Channel3_IRQHandler
                0x00000000080028a0                EXTI2_TSC_IRQHandler
                0x00000000080028a0                TIM1_BRK_TIM15_IRQHandler
 *fill*         0x00000000080028a2        0x2 
 .text.HAL_Init
                0x00000000080028a4       0x2c Drivers/STM32F3xx_HAL_Driver/Src/stm32f3xx_hal.o
                0x00000000080028a4                HAL_Init
 .text.HAL_IncTick
                0x00000000080028d0       0x28 Drivers/STM32F3xx_HAL_Driver/Src/stm32f3xx_hal.o
                0x00000000080028d0                HAL_IncTick
 .text.HAL_GetTick
                0x00000000080028f8       0x18 Drivers/STM32F3xx_HAL_Driver/Src/stm32f3xx_hal.o
                0x00000000080028f8                HAL_GetTick
 .text.HAL_Delay
                0x0000000008002910       0x44 Drivers/STM32F3xx_HAL_Driver/Src/stm32f3xx_hal.o
                0x0000000008002910                HAL_Delay
 .text.HAL_ADC_ErrorCallback
                0x0000000008002954       0x14 Drivers/STM32F3xx_HAL_Driver/Src/stm32f3xx_hal_adc.o
                0x0000000008002954                HAL_ADC_ErrorCallback
 .text.HAL_ADC_Init
                0x0000000008002968      0x3c0 Drivers/STM32F3xx_HAL_Driver/Src/stm32f3xx_hal_adc_ex.o
                0x0000000008002968                HAL_ADC_Init
 .text.HAL_ADC_Start_DMA
                0x0000000008002d28      0x238 Drivers/STM32F3xx_HAL_Driver/Src/stm32f3xx_hal_adc_ex.o
                0x0000000008002d28                HAL_ADC_Start_DMA
 .text.HAL_ADC_ConfigChannel
                0x0000000008002f60      0x5d8 Drivers/STM32F3xx_HAL_Driver/Src/stm32f3xx_hal_adc_ex.o
                0x0000000008002f60                HAL_ADC_ConfigChannel
 .text.HAL_ADCEx_MultiModeConfigChannel
                0x0000000008003538      0x1e4 Drivers/STM32F3xx_HAL_Driver/Src/stm32f3xx_hal_adc_ex.o
                0x0000000008003538                HAL_ADCEx_MultiModeConfigChannel
 .text.ADC_DMAConvCplt
                0x000000000800371c       0x7a Drivers/STM32F3xx_HAL_Driver/Src/stm32f3xx_hal_adc_ex.o
 .text.ADC_DMAHalfConvCplt
                0x0000000008003796       0x1c Drivers/STM32F3xx_HAL_Driver/Src/stm32f3xx_hal_adc_ex.o
 .text.ADC_DMAError
                0x00000000080037b2       0x34 Drivers/STM32F3xx_HAL_Driver/Src/stm32f3xx_hal_adc_ex.o
 *fill*         0x00000000080037e6        0x2 
 .text.ADC_Enable
                0x00000000080037e8       0xbc Drivers/STM32F3xx_HAL_Driver/Src/stm32f3xx_hal_adc_ex.o
 .text.ADC_Disable
                0x00000000080038a4       0xbe Drivers/STM32F3xx_HAL_Driver/Src/stm32f3xx_hal_adc_ex.o
 *fill*         0x0000000008003962        0x2 
 .text.__NVIC_SetPriorityGrouping
                0x0000000008003964       0x48 Drivers/STM32F3xx_HAL_Driver/Src/stm32f3xx_hal_cortex.o
 .text.__NVIC_GetPriorityGrouping
                0x00000000080039ac       0x1c Drivers/STM32F3xx_HAL_Driver/Src/stm32f3xx_hal_cortex.o
 .text.__NVIC_EnableIRQ
                0x00000000080039c8       0x3c Drivers/STM32F3xx_HAL_Driver/Src/stm32f3xx_hal_cortex.o
 .text.__NVIC_SetPriority
                0x0000000008003a04       0x54 Drivers/STM32F3xx_HAL_Driver/Src/stm32f3xx_hal_cortex.o
 .text.NVIC_EncodePriority
                0x0000000008003a58       0x66 Drivers/STM32F3xx_HAL_Driver/Src/stm32f3xx_hal_cortex.o
 .text.HAL_NVIC_SetPriorityGrouping
                0x0000000008003abe       0x16 Drivers/STM32F3xx_HAL_Driver/Src/stm32f3xx_hal_cortex.o
                0x0000000008003abe                HAL_NVIC_SetPriorityGrouping
 .text.HAL_NVIC_SetPriority
                0x0000000008003ad4       0x38 Drivers/STM32F3xx_HAL_Driver/Src/stm32f3xx_hal_cortex.o
                0x0000000008003ad4                HAL_NVIC_SetPriority
 .text.HAL_NVIC_EnableIRQ
                0x0000000008003b0c       0x1c Drivers/STM32F3xx_HAL_Driver/Src/stm32f3xx_hal_cortex.o
                0x0000000008003b0c                HAL_NVIC_EnableIRQ
 .text.HAL_DMA_Init
                0x0000000008003b28       0x8e Drivers/STM32F3xx_HAL_Driver/Src/stm32f3xx_hal_dma.o
                0x0000000008003b28                HAL_DMA_Init
 .text.HAL_DMA_Start_IT
                0x0000000008003bb6       0xbe Drivers/STM32F3xx_HAL_Driver/Src/stm32f3xx_hal_dma.o
                0x0000000008003bb6                HAL_DMA_Start_IT
 .text.HAL_DMA_Abort
                0x0000000008003c74       0x72 Drivers/STM32F3xx_HAL_Driver/Src/stm32f3xx_hal_dma.o
                0x0000000008003c74                HAL_DMA_Abort
 .text.HAL_DMA_Abort_IT
                0x0000000008003ce6       0x7c Drivers/STM32F3xx_HAL_Driver/Src/stm32f3xx_hal_dma.o
                0x0000000008003ce6                HAL_DMA_Abort_IT
 .text.HAL_DMA_IRQHandler
                0x0000000008003d62      0x146 Drivers/STM32F3xx_HAL_Driver/Src/stm32f3xx_hal_dma.o
                0x0000000008003d62                HAL_DMA_IRQHandler
 .text.DMA_SetConfig
                0x0000000008003ea8       0x5c Drivers/STM32F3xx_HAL_Driver/Src/stm32f3xx_hal_dma.o
 .text.DMA_CalcBaseAndBitshift
                0x0000000008003f04       0x78 Drivers/STM32F3xx_HAL_Driver/Src/stm32f3xx_hal_dma.o
 .text.HAL_GPIO_Init
                0x0000000008003f7c      0x2f4 Drivers/STM32F3xx_HAL_Driver/Src/stm32f3xx_hal_gpio.o
                0x0000000008003f7c                HAL_GPIO_Init
 .text.HAL_GPIO_WritePin
                0x0000000008004270       0x30 Drivers/STM32F3xx_HAL_Driver/Src/stm32f3xx_hal_gpio.o
                0x0000000008004270                HAL_GPIO_WritePin
 .text.HAL_RCC_OscConfig
                0x00000000080042a0      0xe10 Drivers/STM32F3xx_HAL_Driver/Src/stm32f3xx_hal_rcc.o
                0x00000000080042a0                HAL_RCC_OscConfig
 .text.HAL_RCC_ClockConfig
                0x00000000080050b0      0x2f8 Drivers/STM32F3xx_HAL_Driver/Src/stm32f3xx_hal_rcc.o
                0x00000000080050b0                HAL_RCC_ClockConfig
 .text.HAL_RCC_GetSysClockFreq
                0x00000000080053a8       0xd4 Drivers/STM32F3xx_HAL_Driver/Src/stm32f3xx_hal_rcc.o
                0x00000000080053a8                HAL_RCC_GetSysClockFreq
 .text.HAL_RCC_GetHCLKFreq
                0x000000000800547c       0x18 Drivers/STM32F3xx_HAL_Driver/Src/stm32f3xx_hal_rcc.o
                0x000000000800547c                HAL_RCC_GetHCLKFreq
 .text.HAL_RCC_GetPCLK1Freq
                0x0000000008005494       0x44 Drivers/STM32F3xx_HAL_Driver/Src/stm32f3xx_hal_rcc.o
                0x0000000008005494                HAL_RCC_GetPCLK1Freq
 .text.HAL_RCC_GetPCLK2Freq
                0x00000000080054d8       0x44 Drivers/STM32F3xx_HAL_Driver/Src/stm32f3xx_hal_rcc.o
                0x00000000080054d8                HAL_RCC_GetPCLK2Freq
 .text.HAL_RCC_GetClockConfig
                0x000000000800551c       0x64 Drivers/STM32F3xx_HAL_Driver/Src/stm32f3xx_hal_rcc.o
                0x000000000800551c                HAL_RCC_GetClockConfig
 .text.HAL_RCCEx_PeriphCLKConfig
                0x0000000008005580      0x360 Drivers/STM32F3xx_HAL_Driver/Src/stm32f3xx_hal_rcc_ex.o
                0x0000000008005580                HAL_RCCEx_PeriphCLKConfig
 .text.HAL_TIM_Base_Init
                0x00000000080058e0       0xae Drivers/STM32F3xx_HAL_Driver/Src/stm32f3xx_hal_tim.o
                0x00000000080058e0                HAL_TIM_Base_Init
 *fill*         0x000000000800598e        0x2 
 .text.HAL_TIM_Base_Start_IT
                0x0000000008005990       0xd4 Drivers/STM32F3xx_HAL_Driver/Src/stm32f3xx_hal_tim.o
                0x0000000008005990                HAL_TIM_Base_Start_IT
 .text.HAL_TIM_IRQHandler
                0x0000000008005a64      0x23e Drivers/STM32F3xx_HAL_Driver/Src/stm32f3xx_hal_tim.o
                0x0000000008005a64                HAL_TIM_IRQHandler
 .text.HAL_TIM_ConfigClockSource
                0x0000000008005ca2      0x172 Drivers/STM32F3xx_HAL_Driver/Src/stm32f3xx_hal_tim.o
                0x0000000008005ca2                HAL_TIM_ConfigClockSource
 .text.HAL_TIM_OC_DelayElapsedCallback
                0x0000000008005e14       0x14 Drivers/STM32F3xx_HAL_Driver/Src/stm32f3xx_hal_tim.o
                0x0000000008005e14                HAL_TIM_OC_DelayElapsedCallback
 .text.HAL_TIM_IC_CaptureCallback
                0x0000000008005e28       0x14 Drivers/STM32F3xx_HAL_Driver/Src/stm32f3xx_hal_tim.o
                0x0000000008005e28                HAL_TIM_IC_CaptureCallback
 .text.HAL_TIM_PWM_PulseFinishedCallback
                0x0000000008005e3c       0x14 Drivers/STM32F3xx_HAL_Driver/Src/stm32f3xx_hal_tim.o
                0x0000000008005e3c                HAL_TIM_PWM_PulseFinishedCallback
 .text.HAL_TIM_TriggerCallback
                0x0000000008005e50       0x14 Drivers/STM32F3xx_HAL_Driver/Src/stm32f3xx_hal_tim.o
                0x0000000008005e50                HAL_TIM_TriggerCallback
 .text.TIM_Base_SetConfig
                0x0000000008005e64      0x120 Drivers/STM32F3xx_HAL_Driver/Src/stm32f3xx_hal_tim.o
                0x0000000008005e64                TIM_Base_SetConfig
 .text.TIM_TI1_ConfigInputStage
                0x0000000008005f84       0x5e Drivers/STM32F3xx_HAL_Driver/Src/stm32f3xx_hal_tim.o
 .text.TIM_TI2_ConfigInputStage
                0x0000000008005fe2       0x60 Drivers/STM32F3xx_HAL_Driver/Src/stm32f3xx_hal_tim.o
 .text.TIM_ITRx_SetConfig
                0x0000000008006042       0x36 Drivers/STM32F3xx_HAL_Driver/Src/stm32f3xx_hal_tim.o
 .text.TIM_ETR_SetConfig
                0x0000000008006078       0x40 Drivers/STM32F3xx_HAL_Driver/Src/stm32f3xx_hal_tim.o
                0x0000000008006078                TIM_ETR_SetConfig
 .text.HAL_TIMEx_MasterConfigSynchronization
                0x00000000080060b8      0x100 Drivers/STM32F3xx_HAL_Driver/Src/stm32f3xx_hal_tim_ex.o
                0x00000000080060b8                HAL_TIMEx_MasterConfigSynchronization
 .text.HAL_TIMEx_CommutCallback
                0x00000000080061b8       0x14 Drivers/STM32F3xx_HAL_Driver/Src/stm32f3xx_hal_tim_ex.o
                0x00000000080061b8                HAL_TIMEx_CommutCallback
 .text.HAL_TIMEx_BreakCallback
                0x00000000080061cc       0x14 Drivers/STM32F3xx_HAL_Driver/Src/stm32f3xx_hal_tim_ex.o
                0x00000000080061cc                HAL_TIMEx_BreakCallback
 .text.HAL_TIMEx_Break2Callback
                0x00000000080061e0       0x14 Drivers/STM32F3xx_HAL_Driver/Src/stm32f3xx_hal_tim_ex.o
                0x00000000080061e0                HAL_TIMEx_Break2Callback
 .text.HAL_UART_Init
                0x00000000080061f4       0x9c Drivers/STM32F3xx_HAL_Driver/Src/stm32f3xx_hal_uart.o
                0x00000000080061f4                HAL_UART_Init
 .text.HAL_UART_Transmit
                0x0000000008006290      0x128 Drivers/STM32F3xx_HAL_Driver/Src/stm32f3xx_hal_uart.o
                0x0000000008006290                HAL_UART_Transmit
 .text.HAL_UART_Transmit_IT
                0x00000000080063b8       0xb8 Drivers/STM32F3xx_HAL_Driver/Src/stm32f3xx_hal_uart.o
                0x00000000080063b8                HAL_UART_Transmit_IT
 .text.HAL_UART_Receive_IT
                0x0000000008006470       0x7a Drivers/STM32F3xx_HAL_Driver/Src/stm32f3xx_hal_uart.o
                0x0000000008006470                HAL_UART_Receive_IT
 *fill*         0x00000000080064ea        0x2 
 .text.HAL_UART_IRQHandler
                0x00000000080064ec      0x400 Drivers/STM32F3xx_HAL_Driver/Src/stm32f3xx_hal_uart.o
                0x00000000080064ec                HAL_UART_IRQHandler
 .text.HAL_UART_TxCpltCallback
                0x00000000080068ec       0x14 Drivers/STM32F3xx_HAL_Driver/Src/stm32f3xx_hal_uart.o
                0x00000000080068ec                HAL_UART_TxCpltCallback
 .text.HAL_UART_ErrorCallback
                0x0000000008006900       0x14 Drivers/STM32F3xx_HAL_Driver/Src/stm32f3xx_hal_uart.o
                0x0000000008006900                HAL_UART_ErrorCallback
 .text.HAL_UARTEx_RxEventCallback
                0x0000000008006914       0x18 Drivers/STM32F3xx_HAL_Driver/Src/stm32f3xx_hal_uart.o
                0x0000000008006914                HAL_UARTEx_RxEventCallback
 .text.UART_SetConfig
                0x000000000800692c      0x3a4 Drivers/STM32F3xx_HAL_Driver/Src/stm32f3xx_hal_uart.o
                0x000000000800692c                UART_SetConfig
 .text.UART_AdvFeatureConfig
                0x0000000008006cd0      0x144 Drivers/STM32F3xx_HAL_Driver/Src/stm32f3xx_hal_uart.o
                0x0000000008006cd0                UART_AdvFeatureConfig
 .text.UART_CheckIdleState
                0x0000000008006e14       0x92 Drivers/STM32F3xx_HAL_Driver/Src/stm32f3xx_hal_uart.o
                0x0000000008006e14                UART_CheckIdleState
 .text.UART_WaitOnFlagUntilTimeout
                0x0000000008006ea6       0xf8 Drivers/STM32F3xx_HAL_Driver/Src/stm32f3xx_hal_uart.o
                0x0000000008006ea6                UART_WaitOnFlagUntilTimeout
 *fill*         0x0000000008006f9e        0x2 
 .text.UART_Start_Receive_IT
                0x0000000008006fa0       0xec Drivers/STM32F3xx_HAL_Driver/Src/stm32f3xx_hal_uart.o
                0x0000000008006fa0                UART_Start_Receive_IT
 .text.UART_EndRxTransfer
                0x000000000800708c       0x5e Drivers/STM32F3xx_HAL_Driver/Src/stm32f3xx_hal_uart.o
 .text.UART_DMAAbortOnError
                0x00000000080070ea       0x2c Drivers/STM32F3xx_HAL_Driver/Src/stm32f3xx_hal_uart.o
 .text.UART_TxISR_8BIT
                0x0000000008007116       0x74 Drivers/STM32F3xx_HAL_Driver/Src/stm32f3xx_hal_uart.o
 .text.UART_TxISR_16BIT
                0x000000000800718a       0x7c Drivers/STM32F3xx_HAL_Driver/Src/stm32f3xx_hal_uart.o
 .text.UART_EndTransmit_IT
                0x0000000008007206       0x32 Drivers/STM32F3xx_HAL_Driver/Src/stm32f3xx_hal_uart.o
 .text.UART_RxISR_8BIT
                0x0000000008007238       0xd4 Drivers/STM32F3xx_HAL_Driver/Src/stm32f3xx_hal_uart.o
 .text.UART_RxISR_16BIT
                0x000000000800730c       0xd4 Drivers/STM32F3xx_HAL_Driver/Src/stm32f3xx_hal_uart.o
 .text.HAL_UARTEx_WakeupCallback
                0x00000000080073e0       0x14 Drivers/STM32F3xx_HAL_Driver/Src/stm32f3xx_hal_uart_ex.o
                0x00000000080073e0                HAL_UARTEx_WakeupCallback
 .text.osKernelInitialize
                0x00000000080073f4       0x68 Middlewares/Third_Party/FreeRTOS/Source/CMSIS_RTOS_V2/cmsis_os2.o
                0x00000000080073f4                osKernelInitialize
 .text.osKernelStart
                0x000000000800745c       0x68 Middlewares/Third_Party/FreeRTOS/Source/CMSIS_RTOS_V2/cmsis_os2.o
                0x000000000800745c                osKernelStart
 .text.osThreadNew
                0x00000000080074c4      0x154 Middlewares/Third_Party/FreeRTOS/Source/CMSIS_RTOS_V2/cmsis_os2.o
                0x00000000080074c4                osThreadNew
 .text.osDelay  0x0000000008007618       0x5c Middlewares/Third_Party/FreeRTOS/Source/CMSIS_RTOS_V2/cmsis_os2.o
                0x0000000008007618                osDelay
 .text.osEventFlagsNew
                0x0000000008007674       0xa4 Middlewares/Third_Party/FreeRTOS/Source/CMSIS_RTOS_V2/cmsis_os2.o
                0x0000000008007674                osEventFlagsNew
 .text.osEventFlagsSet
                0x0000000008007718       0xb0 Middlewares/Third_Party/FreeRTOS/Source/CMSIS_RTOS_V2/cmsis_os2.o
                0x0000000008007718                osEventFlagsSet
 .text.osEventFlagsClear
                0x00000000080077c8       0x88 Middlewares/Third_Party/FreeRTOS/Source/CMSIS_RTOS_V2/cmsis_os2.o
                0x00000000080077c8                osEventFlagsClear
 .text.osEventFlagsWait
                0x0000000008007850       0xec Middlewares/Third_Party/FreeRTOS/Source/CMSIS_RTOS_V2/cmsis_os2.o
                0x0000000008007850                osEventFlagsWait
 .text.vApplicationGetIdleTaskMemory
                0x000000000800793c       0x34 Middlewares/Third_Party/FreeRTOS/Source/CMSIS_RTOS_V2/cmsis_os2.o
                0x000000000800793c                vApplicationGetIdleTaskMemory
 .text.vApplicationGetTimerTaskMemory
                0x0000000008007970       0x34 Middlewares/Third_Party/FreeRTOS/Source/CMSIS_RTOS_V2/cmsis_os2.o
                0x0000000008007970                vApplicationGetTimerTaskMemory
 .text.xEventGroupCreateStatic
                0x00000000080079a4       0x6a Middlewares/Third_Party/FreeRTOS/Source/event_groups.o
                0x00000000080079a4                xEventGroupCreateStatic
 .text.xEventGroupCreate
                0x0000000008007a0e       0x34 Middlewares/Third_Party/FreeRTOS/Source/event_groups.o
                0x0000000008007a0e                xEventGroupCreate
 *fill*         0x0000000008007a42        0x2 
 .text.xEventGroupWaitBits
                0x0000000008007a44      0x194 Middlewares/Third_Party/FreeRTOS/Source/event_groups.o
                0x0000000008007a44                xEventGroupWaitBits
 .text.xEventGroupClearBits
                0x0000000008007bd8       0x6c Middlewares/Third_Party/FreeRTOS/Source/event_groups.o
                0x0000000008007bd8                xEventGroupClearBits
 .text.xEventGroupClearBitsFromISR
                0x0000000008007c44       0x28 Middlewares/Third_Party/FreeRTOS/Source/event_groups.o
                0x0000000008007c44                xEventGroupClearBitsFromISR
 .text.xEventGroupGetBitsFromISR
                0x0000000008007c6c       0x46 Middlewares/Third_Party/FreeRTOS/Source/event_groups.o
                0x0000000008007c6c                xEventGroupGetBitsFromISR
 .text.xEventGroupSetBits
                0x0000000008007cb2      0x112 Middlewares/Third_Party/FreeRTOS/Source/event_groups.o
                0x0000000008007cb2                xEventGroupSetBits
 .text.vEventGroupSetBitsCallback
                0x0000000008007dc4       0x1a Middlewares/Third_Party/FreeRTOS/Source/event_groups.o
                0x0000000008007dc4                vEventGroupSetBitsCallback
 .text.vEventGroupClearBitsCallback
                0x0000000008007dde       0x1a Middlewares/Third_Party/FreeRTOS/Source/event_groups.o
                0x0000000008007dde                vEventGroupClearBitsCallback
 .text.prvTestWaitCondition
                0x0000000008007df8       0x44 Middlewares/Third_Party/FreeRTOS/Source/event_groups.o
 .text.xEventGroupSetBitsFromISR
                0x0000000008007e3c       0x28 Middlewares/Third_Party/FreeRTOS/Source/event_groups.o
                0x0000000008007e3c                xEventGroupSetBitsFromISR
 .text.vListInitialise
                0x0000000008007e64       0x40 Middlewares/Third_Party/FreeRTOS/Source/list.o
                0x0000000008007e64                vListInitialise
 .text.vListInitialiseItem
                0x0000000008007ea4       0x1a Middlewares/Third_Party/FreeRTOS/Source/list.o
                0x0000000008007ea4                vListInitialiseItem
 .text.vListInsertEnd
                0x0000000008007ebe       0x48 Middlewares/Third_Party/FreeRTOS/Source/list.o
                0x0000000008007ebe                vListInsertEnd
 .text.vListInsert
                0x0000000008007f06       0x72 Middlewares/Third_Party/FreeRTOS/Source/list.o
                0x0000000008007f06                vListInsert
 .text.uxListRemove
                0x0000000008007f78       0x54 Middlewares/Third_Party/FreeRTOS/Source/list.o
                0x0000000008007f78                uxListRemove
 .text.xQueueGenericReset
                0x0000000008007fcc       0xd0 Middlewares/Third_Party/FreeRTOS/Source/queue.o
                0x0000000008007fcc                xQueueGenericReset
 .text.xQueueGenericCreateStatic
                0x000000000800809c       0xe4 Middlewares/Third_Party/FreeRTOS/Source/queue.o
                0x000000000800809c                xQueueGenericCreateStatic
 .text.prvInitialiseNewQueue
                0x0000000008008180       0x46 Middlewares/Third_Party/FreeRTOS/Source/queue.o
 *fill*         0x00000000080081c6        0x2 
 .text.xQueueGenericSend
                0x00000000080081c8      0x1f4 Middlewares/Third_Party/FreeRTOS/Source/queue.o
                0x00000000080081c8                xQueueGenericSend
 .text.xQueueGenericSendFromISR
                0x00000000080083bc      0x128 Middlewares/Third_Party/FreeRTOS/Source/queue.o
                0x00000000080083bc                xQueueGenericSendFromISR
 .text.xQueueReceive
                0x00000000080084e4      0x1b8 Middlewares/Third_Party/FreeRTOS/Source/queue.o
                0x00000000080084e4                xQueueReceive
 .text.prvCopyDataToQueue
                0x000000000800869c       0xd4 Middlewares/Third_Party/FreeRTOS/Source/queue.o
 .text.prvCopyDataFromQueue
                0x0000000008008770       0x4c Middlewares/Third_Party/FreeRTOS/Source/queue.o
 .text.prvUnlockQueue
                0x00000000080087bc       0xa4 Middlewares/Third_Party/FreeRTOS/Source/queue.o
 .text.prvIsQueueEmpty
                0x0000000008008860       0x2c Middlewares/Third_Party/FreeRTOS/Source/queue.o
 .text.prvIsQueueFull
                0x000000000800888c       0x30 Middlewares/Third_Party/FreeRTOS/Source/queue.o
 .text.vQueueAddToRegistry
                0x00000000080088bc       0x50 Middlewares/Third_Party/FreeRTOS/Source/queue.o
                0x00000000080088bc                vQueueAddToRegistry
 .text.vQueueWaitForMessageRestricted
                0x000000000800890c       0x68 Middlewares/Third_Party/FreeRTOS/Source/queue.o
                0x000000000800890c                vQueueWaitForMessageRestricted
 .text.xTaskCreateStatic
                0x0000000008008974       0xb2 Middlewares/Third_Party/FreeRTOS/Source/tasks.o
                0x0000000008008974                xTaskCreateStatic
 .text.xTaskCreate
                0x0000000008008a26       0x8a Middlewares/Third_Party/FreeRTOS/Source/tasks.o
                0x0000000008008a26                xTaskCreate
 .text.prvInitialiseNewTask
                0x0000000008008ab0      0x10c Middlewares/Third_Party/FreeRTOS/Source/tasks.o
 .text.prvAddNewTaskToReadyList
                0x0000000008008bbc       0xe0 Middlewares/Third_Party/FreeRTOS/Source/tasks.o
 .text.vTaskDelay
                0x0000000008008c9c       0x68 Middlewares/Third_Party/FreeRTOS/Source/tasks.o
                0x0000000008008c9c                vTaskDelay
 .text.vTaskStartScheduler
                0x0000000008008d04       0xc8 Middlewares/Third_Party/FreeRTOS/Source/tasks.o
                0x0000000008008d04                vTaskStartScheduler
 .text.vTaskSuspendAll
                0x0000000008008dcc       0x1c Middlewares/Third_Party/FreeRTOS/Source/tasks.o
                0x0000000008008dcc                vTaskSuspendAll
 .text.xTaskResumeAll
                0x0000000008008de8      0x138 Middlewares/Third_Party/FreeRTOS/Source/tasks.o
                0x0000000008008de8                xTaskResumeAll
 .text.xTaskGetTickCount
                0x0000000008008f20       0x20 Middlewares/Third_Party/FreeRTOS/Source/tasks.o
                0x0000000008008f20                xTaskGetTickCount
 .text.xTaskIncrementTick
                0x0000000008008f40      0x17c Middlewares/Third_Party/FreeRTOS/Source/tasks.o
                0x0000000008008f40                xTaskIncrementTick
 .text.vTaskSwitchContext
                0x00000000080090bc       0xb8 Middlewares/Third_Party/FreeRTOS/Source/tasks.o
                0x00000000080090bc                vTaskSwitchContext
 .text.vTaskPlaceOnEventList
                0x0000000008009174       0x48 Middlewares/Third_Party/FreeRTOS/Source/tasks.o
                0x0000000008009174                vTaskPlaceOnEventList
 .text.vTaskPlaceOnUnorderedEventList
                0x00000000080091bc       0x74 Middlewares/Third_Party/FreeRTOS/Source/tasks.o
                0x00000000080091bc                vTaskPlaceOnUnorderedEventList
 .text.vTaskPlaceOnEventListRestricted
                0x0000000008009230       0x54 Middlewares/Third_Party/FreeRTOS/Source/tasks.o
                0x0000000008009230                vTaskPlaceOnEventListRestricted
 .text.xTaskRemoveFromEventList
                0x0000000008009284       0xc4 Middlewares/Third_Party/FreeRTOS/Source/tasks.o
                0x0000000008009284                xTaskRemoveFromEventList
 .text.vTaskRemoveFromUnorderedEventList
                0x0000000008009348       0xc0 Middlewares/Third_Party/FreeRTOS/Source/tasks.o
                0x0000000008009348                vTaskRemoveFromUnorderedEventList
 .text.vTaskInternalSetTimeOutState
                0x0000000008009408       0x2c Middlewares/Third_Party/FreeRTOS/Source/tasks.o
                0x0000000008009408                vTaskInternalSetTimeOutState
 .text.xTaskCheckForTimeOut
                0x0000000008009434       0xc0 Middlewares/Third_Party/FreeRTOS/Source/tasks.o
                0x0000000008009434                xTaskCheckForTimeOut
 .text.vTaskMissedYield
                0x00000000080094f4       0x18 Middlewares/Third_Party/FreeRTOS/Source/tasks.o
                0x00000000080094f4                vTaskMissedYield
 .text.prvIdleTask
                0x000000000800950c       0x30 Middlewares/Third_Party/FreeRTOS/Source/tasks.o
 .text.prvInitialiseTaskLists
                0x000000000800953c       0x80 Middlewares/Third_Party/FreeRTOS/Source/tasks.o
 .text.prvCheckTasksWaitingTermination
                0x00000000080095bc       0x58 Middlewares/Third_Party/FreeRTOS/Source/tasks.o
 .text.prvDeleteTCB
                0x0000000008009614       0x5c Middlewares/Third_Party/FreeRTOS/Source/tasks.o
 .text.prvResetNextTaskUnblockTime
                0x0000000008009670       0x4c Middlewares/Third_Party/FreeRTOS/Source/tasks.o
 .text.xTaskGetSchedulerState
                0x00000000080096bc       0x3c Middlewares/Third_Party/FreeRTOS/Source/tasks.o
                0x00000000080096bc                xTaskGetSchedulerState
 .text.xTaskPriorityDisinherit
                0x00000000080096f8       0xd8 Middlewares/Third_Party/FreeRTOS/Source/tasks.o
                0x00000000080096f8                xTaskPriorityDisinherit
 .text.uxTaskResetEventItemValue
                0x00000000080097d0       0x30 Middlewares/Third_Party/FreeRTOS/Source/tasks.o
                0x00000000080097d0                uxTaskResetEventItemValue
 .text.prvAddCurrentTaskToDelayedList
                0x0000000008009800       0xa8 Middlewares/Third_Party/FreeRTOS/Source/tasks.o
 .text.xTimerCreateTimerTask
                0x00000000080098a8       0x90 Middlewares/Third_Party/FreeRTOS/Source/timers.o
                0x00000000080098a8                xTimerCreateTimerTask
 .text.xTimerGenericCommand
                0x0000000008009938       0x98 Middlewares/Third_Party/FreeRTOS/Source/timers.o
                0x0000000008009938                xTimerGenericCommand
 .text.prvProcessExpiredTimer
                0x00000000080099d0       0x80 Middlewares/Third_Party/FreeRTOS/Source/timers.o
 .text.prvTimerTask
                0x0000000008009a50       0x24 Middlewares/Third_Party/FreeRTOS/Source/timers.o
 .text.prvProcessTimerOrBlockTask
                0x0000000008009a74       0x9c Middlewares/Third_Party/FreeRTOS/Source/timers.o
 .text.prvGetNextExpireTime
                0x0000000008009b10       0x48 Middlewares/Third_Party/FreeRTOS/Source/timers.o
 .text.prvSampleTimeNow
                0x0000000008009b58       0x40 Middlewares/Third_Party/FreeRTOS/Source/timers.o
 .text.prvInsertTimerInActiveList
                0x0000000008009b98       0x84 Middlewares/Third_Party/FreeRTOS/Source/timers.o
 .text.prvProcessReceivedCommands
                0x0000000008009c1c      0x160 Middlewares/Third_Party/FreeRTOS/Source/timers.o
 .text.prvSwitchTimerLists
                0x0000000008009d7c       0xc0 Middlewares/Third_Party/FreeRTOS/Source/timers.o
 .text.prvCheckForValidListAndQueue
                0x0000000008009e3c       0x80 Middlewares/Third_Party/FreeRTOS/Source/timers.o
 .text.xTimerPendFunctionCallFromISR
                0x0000000008009ebc       0x40 Middlewares/Third_Party/FreeRTOS/Source/timers.o
                0x0000000008009ebc                xTimerPendFunctionCallFromISR
 .text.pxPortInitialiseStack
                0x0000000008009efc       0x68 Middlewares/Third_Party/FreeRTOS/Source/portable/GCC/ARM_CM4F/port.o
                0x0000000008009efc                pxPortInitialiseStack
 .text.prvTaskExitError
                0x0000000008009f64       0x54 Middlewares/Third_Party/FreeRTOS/Source/portable/GCC/ARM_CM4F/port.o
 *fill*         0x0000000008009fb8        0x8 
 .text.SVC_Handler
                0x0000000008009fc0       0x28 Middlewares/Third_Party/FreeRTOS/Source/portable/GCC/ARM_CM4F/port.o
                0x0000000008009fc0                SVC_Handler
 .text.prvPortStartFirstTask
                0x0000000008009fe8       0x28 Middlewares/Third_Party/FreeRTOS/Source/portable/GCC/ARM_CM4F/port.o
 .text.xPortStartScheduler
                0x000000000800a010      0x13c Middlewares/Third_Party/FreeRTOS/Source/portable/GCC/ARM_CM4F/port.o
                0x000000000800a010                xPortStartScheduler
 .text.vPortEnterCritical
                0x000000000800a14c       0x5c Middlewares/Third_Party/FreeRTOS/Source/portable/GCC/ARM_CM4F/port.o
                0x000000000800a14c                vPortEnterCritical
 .text.vPortExitCritical
                0x000000000800a1a8       0x50 Middlewares/Third_Party/FreeRTOS/Source/portable/GCC/ARM_CM4F/port.o
                0x000000000800a1a8                vPortExitCritical
 *fill*         0x000000000800a1f8        0x8 
 .text.PendSV_Handler
                0x000000000800a200       0x68 Middlewares/Third_Party/FreeRTOS/Source/portable/GCC/ARM_CM4F/port.o
                0x000000000800a200                PendSV_Handler
 .text.SysTick_Handler
                0x000000000800a268       0x40 Middlewares/Third_Party/FreeRTOS/Source/portable/GCC/ARM_CM4F/port.o
                0x000000000800a268                SysTick_Handler
 .text.vPortSetupTimerInterrupt
                0x000000000800a2a8       0x48 Middlewares/Third_Party/FreeRTOS/Source/portable/GCC/ARM_CM4F/port.o
                0x000000000800a2a8                vPortSetupTimerInterrupt
 .text.vPortEnableVFP
                0x000000000800a2f0       0x14 Middlewares/Third_Party/FreeRTOS/Source/portable/GCC/ARM_CM4F/port.o
 .text.vPortValidateInterruptPriority
                0x000000000800a304       0x7c Middlewares/Third_Party/FreeRTOS/Source/portable/GCC/ARM_CM4F/port.o
                0x000000000800a304                vPortValidateInterruptPriority
 .text.pvPortMalloc
                0x000000000800a380      0x184 Middlewares/Third_Party/FreeRTOS/Source/portable/MemMang/heap_4.o
                0x000000000800a380                pvPortMalloc
 .text.vPortFree
                0x000000000800a504       0xb0 Middlewares/Third_Party/FreeRTOS/Source/portable/MemMang/heap_4.o
                0x000000000800a504                vPortFree
 .text.prvHeapInit
                0x000000000800a5b4       0xc4 Middlewares/Third_Party/FreeRTOS/Source/portable/MemMang/heap_4.o
 .text.prvInsertBlockIntoFreeList
                0x000000000800a678       0xb4 Middlewares/Third_Party/FreeRTOS/Source/portable/MemMang/heap_4.o
 .text.arm_rms_f32
                0x000000000800a72c       0xc8 ../libs\libarm_cortexM4lf_math.a(arm_rms_f32.o)
                0x000000000800a72c                arm_rms_f32
 .text.arm_biquad_cascade_df1_init_f32
                0x000000000800a7f4       0x18 ../libs\libarm_cortexM4lf_math.a(arm_biquad_cascade_df1_init_f32.o)
                0x000000000800a7f4                arm_biquad_cascade_df1_init_f32
 .text.arm_biquad_cascade_df1_f32
                0x000000000800a80c      0x1fc ../libs\libarm_cortexM4lf_math.a(arm_biquad_cascade_df1_f32.o)
                0x000000000800a80c                arm_biquad_cascade_df1_f32
 .text.__errno  0x000000000800aa08        0xc c:/st/stm32cubeide_1.5.0/stm32cubeide/plugins/com.st.stm32cube.ide.mcu.externaltools.gnu-tools-for-stm32.7-2018-q2-update.win32_1.5.0.202011040924/tools/bin/../lib/gcc/arm-none-eabi/7.3.1/../../../../arm-none-eabi/lib/thumb/v7e-m/fpv4-sp/hard\libc_nano.a(lib_a-errno.o)
                0x000000000800aa08                __errno
 .text.__libc_init_array
                0x000000000800aa14       0x48 c:/st/stm32cubeide_1.5.0/stm32cubeide/plugins/com.st.stm32cube.ide.mcu.externaltools.gnu-tools-for-stm32.7-2018-q2-update.win32_1.5.0.202011040924/tools/bin/../lib/gcc/arm-none-eabi/7.3.1/../../../../arm-none-eabi/lib/thumb/v7e-m/fpv4-sp/hard\libc_nano.a(lib_a-init.o)
                0x000000000800aa14                __libc_init_array
 .text.memcpy   0x000000000800aa5c       0x16 c:/st/stm32cubeide_1.5.0/stm32cubeide/plugins/com.st.stm32cube.ide.mcu.externaltools.gnu-tools-for-stm32.7-2018-q2-update.win32_1.5.0.202011040924/tools/bin/../lib/gcc/arm-none-eabi/7.3.1/../../../../arm-none-eabi/lib/thumb/v7e-m/fpv4-sp/hard\libc_nano.a(lib_a-memcpy-stub.o)
                0x000000000800aa5c                memcpy
 .text.memset   0x000000000800aa72       0x10 c:/st/stm32cubeide_1.5.0/stm32cubeide/plugins/com.st.stm32cube.ide.mcu.externaltools.gnu-tools-for-stm32.7-2018-q2-update.win32_1.5.0.202011040924/tools/bin/../lib/gcc/arm-none-eabi/7.3.1/../../../../arm-none-eabi/lib/thumb/v7e-m/fpv4-sp/hard\libc_nano.a(lib_a-memset.o)
                0x000000000800aa72                memset
 .text.__cvt    0x000000000800aa82       0xc2 c:/st/stm32cubeide_1.5.0/stm32cubeide/plugins/com.st.stm32cube.ide.mcu.externaltools.gnu-tools-for-stm32.7-2018-q2-update.win32_1.5.0.202011040924/tools/bin/../lib/gcc/arm-none-eabi/7.3.1/../../../../arm-none-eabi/lib/thumb/v7e-m/fpv4-sp/hard\libc_nano.a(lib_a-nano-vfprintf_float.o)
                0x000000000800aa82                __cvt
 .text.__exponent
                0x000000000800ab44       0x66 c:/st/stm32cubeide_1.5.0/stm32cubeide/plugins/com.st.stm32cube.ide.mcu.externaltools.gnu-tools-for-stm32.7-2018-q2-update.win32_1.5.0.202011040924/tools/bin/../lib/gcc/arm-none-eabi/7.3.1/../../../../arm-none-eabi/lib/thumb/v7e-m/fpv4-sp/hard\libc_nano.a(lib_a-nano-vfprintf_float.o)
                0x000000000800ab44                __exponent
 *fill*         0x000000000800abaa        0x2 
 .text._printf_float
                0x000000000800abac      0x480 c:/st/stm32cubeide_1.5.0/stm32cubeide/plugins/com.st.stm32cube.ide.mcu.externaltools.gnu-tools-for-stm32.7-2018-q2-update.win32_1.5.0.202011040924/tools/bin/../lib/gcc/arm-none-eabi/7.3.1/../../../../arm-none-eabi/lib/thumb/v7e-m/fpv4-sp/hard\libc_nano.a(lib_a-nano-vfprintf_float.o)
                0x000000000800abac                _printf_float
 .text._printf_common
                0x000000000800b02c       0xea c:/st/stm32cubeide_1.5.0/stm32cubeide/plugins/com.st.stm32cube.ide.mcu.externaltools.gnu-tools-for-stm32.7-2018-q2-update.win32_1.5.0.202011040924/tools/bin/../lib/gcc/arm-none-eabi/7.3.1/../../../../arm-none-eabi/lib/thumb/v7e-m/fpv4-sp/hard\libc_nano.a(lib_a-nano-vfprintf_i.o)
                0x000000000800b02c                _printf_common
 *fill*         0x000000000800b116        0x2 
 .text._printf_i
                0x000000000800b118      0x224 c:/st/stm32cubeide_1.5.0/stm32cubeide/plugins/com.st.stm32cube.ide.mcu.externaltools.gnu-tools-for-stm32.7-2018-q2-update.win32_1.5.0.202011040924/tools/bin/../lib/gcc/arm-none-eabi/7.3.1/../../../../arm-none-eabi/lib/thumb/v7e-m/fpv4-sp/hard\libc_nano.a(lib_a-nano-vfprintf_i.o)
                0x000000000800b118                _printf_i
 .text.sprintf  0x000000000800b33c       0x40 c:/st/stm32cubeide_1.5.0/stm32cubeide/plugins/com.st.stm32cube.ide.mcu.externaltools.gnu-tools-for-stm32.7-2018-q2-update.win32_1.5.0.202011040924/tools/bin/../lib/gcc/arm-none-eabi/7.3.1/../../../../arm-none-eabi/lib/thumb/v7e-m/fpv4-sp/hard\libc_nano.a(lib_a-sprintf.o)
                0x000000000800b33c                siprintf
                0x000000000800b33c                sprintf
 .text.quorem   0x000000000800b37c      0x118 c:/st/stm32cubeide_1.5.0/stm32cubeide/plugins/com.st.stm32cube.ide.mcu.externaltools.gnu-tools-for-stm32.7-2018-q2-update.win32_1.5.0.202011040924/tools/bin/../lib/gcc/arm-none-eabi/7.3.1/../../../../arm-none-eabi/lib/thumb/v7e-m/fpv4-sp/hard\libc_nano.a(lib_a-dtoa.o)
 *fill*         0x000000000800b494        0x4 
 .text._dtoa_r  0x000000000800b498      0xb70 c:/st/stm32cubeide_1.5.0/stm32cubeide/plugins/com.st.stm32cube.ide.mcu.externaltools.gnu-tools-for-stm32.7-2018-q2-update.win32_1.5.0.202011040924/tools/bin/../lib/gcc/arm-none-eabi/7.3.1/../../../../arm-none-eabi/lib/thumb/v7e-m/fpv4-sp/hard\libc_nano.a(lib_a-dtoa.o)
                0x000000000800b498                _dtoa_r
 .text._localeconv_r
                0x000000000800c008       0x1c c:/st/stm32cubeide_1.5.0/stm32cubeide/plugins/com.st.stm32cube.ide.mcu.externaltools.gnu-tools-for-stm32.7-2018-q2-update.win32_1.5.0.202011040924/tools/bin/../lib/gcc/arm-none-eabi/7.3.1/../../../../arm-none-eabi/lib/thumb/v7e-m/fpv4-sp/hard\libc_nano.a(lib_a-localeconv.o)
                0x000000000800c008                _localeconv_r
 .text.malloc   0x000000000800c024       0x10 c:/st/stm32cubeide_1.5.0/stm32cubeide/plugins/com.st.stm32cube.ide.mcu.externaltools.gnu-tools-for-stm32.7-2018-q2-update.win32_1.5.0.202011040924/tools/bin/../lib/gcc/arm-none-eabi/7.3.1/../../../../arm-none-eabi/lib/thumb/v7e-m/fpv4-sp/hard\libc_nano.a(lib_a-malloc.o)
                0x000000000800c024                malloc
 .text._Balloc  0x000000000800c034       0x68 c:/st/stm32cubeide_1.5.0/stm32cubeide/plugins/com.st.stm32cube.ide.mcu.externaltools.gnu-tools-for-stm32.7-2018-q2-update.win32_1.5.0.202011040924/tools/bin/../lib/gcc/arm-none-eabi/7.3.1/../../../../arm-none-eabi/lib/thumb/v7e-m/fpv4-sp/hard\libc_nano.a(lib_a-mprec.o)
                0x000000000800c034                _Balloc
 .text._Bfree   0x000000000800c09c       0x2e c:/st/stm32cubeide_1.5.0/stm32cubeide/plugins/com.st.stm32cube.ide.mcu.externaltools.gnu-tools-for-stm32.7-2018-q2-update.win32_1.5.0.202011040924/tools/bin/../lib/gcc/arm-none-eabi/7.3.1/../../../../arm-none-eabi/lib/thumb/v7e-m/fpv4-sp/hard\libc_nano.a(lib_a-mprec.o)
                0x000000000800c09c                _Bfree
 .text.__multadd
                0x000000000800c0ca       0x76 c:/st/stm32cubeide_1.5.0/stm32cubeide/plugins/com.st.stm32cube.ide.mcu.externaltools.gnu-tools-for-stm32.7-2018-q2-update.win32_1.5.0.202011040924/tools/bin/../lib/gcc/arm-none-eabi/7.3.1/../../../../arm-none-eabi/lib/thumb/v7e-m/fpv4-sp/hard\libc_nano.a(lib_a-mprec.o)
                0x000000000800c0ca                __multadd
 .text.__hi0bits
                0x000000000800c140       0x3e c:/st/stm32cubeide_1.5.0/stm32cubeide/plugins/com.st.stm32cube.ide.mcu.externaltools.gnu-tools-for-stm32.7-2018-q2-update.win32_1.5.0.202011040924/tools/bin/../lib/gcc/arm-none-eabi/7.3.1/../../../../arm-none-eabi/lib/thumb/v7e-m/fpv4-sp/hard\libc_nano.a(lib_a-mprec.o)
                0x000000000800c140                __hi0bits
 .text.__lo0bits
                0x000000000800c17e       0x5e c:/st/stm32cubeide_1.5.0/stm32cubeide/plugins/com.st.stm32cube.ide.mcu.externaltools.gnu-tools-for-stm32.7-2018-q2-update.win32_1.5.0.202011040924/tools/bin/../lib/gcc/arm-none-eabi/7.3.1/../../../../arm-none-eabi/lib/thumb/v7e-m/fpv4-sp/hard\libc_nano.a(lib_a-mprec.o)
                0x000000000800c17e                __lo0bits
 .text.__i2b    0x000000000800c1dc       0x12 c:/st/stm32cubeide_1.5.0/stm32cubeide/plugins/com.st.stm32cube.ide.mcu.externaltools.gnu-tools-for-stm32.7-2018-q2-update.win32_1.5.0.202011040924/tools/bin/../lib/gcc/arm-none-eabi/7.3.1/../../../../arm-none-eabi/lib/thumb/v7e-m/fpv4-sp/hard\libc_nano.a(lib_a-mprec.o)
                0x000000000800c1dc                __i2b
 .text.__multiply
                0x000000000800c1ee      0x12c c:/st/stm32cubeide_1.5.0/stm32cubeide/plugins/com.st.stm32cube.ide.mcu.externaltools.gnu-tools-for-stm32.7-2018-q2-update.win32_1.5.0.202011040924/tools/bin/../lib/gcc/arm-none-eabi/7.3.1/../../../../arm-none-eabi/lib/thumb/v7e-m/fpv4-sp/hard\libc_nano.a(lib_a-mprec.o)
                0x000000000800c1ee                __multiply
 *fill*         0x000000000800c31a        0x2 
 .text.__pow5mult
                0x000000000800c31c       0x9c c:/st/stm32cubeide_1.5.0/stm32cubeide/plugins/com.st.stm32cube.ide.mcu.externaltools.gnu-tools-for-stm32.7-2018-q2-update.win32_1.5.0.202011040924/tools/bin/../lib/gcc/arm-none-eabi/7.3.1/../../../../arm-none-eabi/lib/thumb/v7e-m/fpv4-sp/hard\libc_nano.a(lib_a-mprec.o)
                0x000000000800c31c                __pow5mult
 .text.__lshift
                0x000000000800c3b8       0xa8 c:/st/stm32cubeide_1.5.0/stm32cubeide/plugins/com.st.stm32cube.ide.mcu.externaltools.gnu-tools-for-stm32.7-2018-q2-update.win32_1.5.0.202011040924/tools/bin/../lib/gcc/arm-none-eabi/7.3.1/../../../../arm-none-eabi/lib/thumb/v7e-m/fpv4-sp/hard\libc_nano.a(lib_a-mprec.o)
                0x000000000800c3b8                __lshift
 .text.__mcmp   0x000000000800c460       0x34 c:/st/stm32cubeide_1.5.0/stm32cubeide/plugins/com.st.stm32cube.ide.mcu.externaltools.gnu-tools-for-stm32.7-2018-q2-update.win32_1.5.0.202011040924/tools/bin/../lib/gcc/arm-none-eabi/7.3.1/../../../../arm-none-eabi/lib/thumb/v7e-m/fpv4-sp/hard\libc_nano.a(lib_a-mprec.o)
                0x000000000800c460                __mcmp
 .text.__mdiff  0x000000000800c494       0xba c:/st/stm32cubeide_1.5.0/stm32cubeide/plugins/com.st.stm32cube.ide.mcu.externaltools.gnu-tools-for-stm32.7-2018-q2-update.win32_1.5.0.202011040924/tools/bin/../lib/gcc/arm-none-eabi/7.3.1/../../../../arm-none-eabi/lib/thumb/v7e-m/fpv4-sp/hard\libc_nano.a(lib_a-mprec.o)
                0x000000000800c494                __mdiff
 .text.__d2b    0x000000000800c54e       0x9e c:/st/stm32cubeide_1.5.0/stm32cubeide/plugins/com.st.stm32cube.ide.mcu.externaltools.gnu-tools-for-stm32.7-2018-q2-update.win32_1.5.0.202011040924/tools/bin/../lib/gcc/arm-none-eabi/7.3.1/../../../../arm-none-eabi/lib/thumb/v7e-m/fpv4-sp/hard\libc_nano.a(lib_a-mprec.o)
                0x000000000800c54e                __d2b
 .text._calloc_r
                0x000000000800c5ec       0x1c c:/st/stm32cubeide_1.5.0/stm32cubeide/plugins/com.st.stm32cube.ide.mcu.externaltools.gnu-tools-for-stm32.7-2018-q2-update.win32_1.5.0.202011040924/tools/bin/../lib/gcc/arm-none-eabi/7.3.1/../../../../arm-none-eabi/lib/thumb/v7e-m/fpv4-sp/hard\libc_nano.a(lib_a-nano-callocr.o)
                0x000000000800c5ec                _calloc_r
 .text._free_r  0x000000000800c608       0x9c c:/st/stm32cubeide_1.5.0/stm32cubeide/plugins/com.st.stm32cube.ide.mcu.externaltools.gnu-tools-for-stm32.7-2018-q2-update.win32_1.5.0.202011040924/tools/bin/../lib/gcc/arm-none-eabi/7.3.1/../../../../arm-none-eabi/lib/thumb/v7e-m/fpv4-sp/hard\libc_nano.a(lib_a-nano-freer.o)
                0x000000000800c608                _free_r
 .text._malloc_r
                0x000000000800c6a4       0xb4 c:/st/stm32cubeide_1.5.0/stm32cubeide/plugins/com.st.stm32cube.ide.mcu.externaltools.gnu-tools-for-stm32.7-2018-q2-update.win32_1.5.0.202011040924/tools/bin/../lib/gcc/arm-none-eabi/7.3.1/../../../../arm-none-eabi/lib/thumb/v7e-m/fpv4-sp/hard\libc_nano.a(lib_a-nano-mallocr.o)
                0x000000000800c6a4                _malloc_r
 .text.__ssputs_r
                0x000000000800c758       0xb4 c:/st/stm32cubeide_1.5.0/stm32cubeide/plugins/com.st.stm32cube.ide.mcu.externaltools.gnu-tools-for-stm32.7-2018-q2-update.win32_1.5.0.202011040924/tools/bin/../lib/gcc/arm-none-eabi/7.3.1/../../../../arm-none-eabi/lib/thumb/v7e-m/fpv4-sp/hard\libc_nano.a(lib_a-nano-svfprintf.o)
                0x000000000800c758                __ssputs_r
 .text._svfprintf_r
                0x000000000800c80c      0x1f0 c:/st/stm32cubeide_1.5.0/stm32cubeide/plugins/com.st.stm32cube.ide.mcu.externaltools.gnu-tools-for-stm32.7-2018-q2-update.win32_1.5.0.202011040924/tools/bin/../lib/gcc/arm-none-eabi/7.3.1/../../../../arm-none-eabi/lib/thumb/v7e-m/fpv4-sp/hard\libc_nano.a(lib_a-nano-svfprintf.o)
                0x000000000800c80c                _svfiprintf_r
                0x000000000800c80c                _svfprintf_r
 .text._sbrk_r  0x000000000800c9fc       0x20 c:/st/stm32cubeide_1.5.0/stm32cubeide/plugins/com.st.stm32cube.ide.mcu.externaltools.gnu-tools-for-stm32.7-2018-q2-update.win32_1.5.0.202011040924/tools/bin/../lib/gcc/arm-none-eabi/7.3.1/../../../../arm-none-eabi/lib/thumb/v7e-m/fpv4-sp/hard\libc_nano.a(lib_a-sbrkr.o)
                0x000000000800c9fc                _sbrk_r
 .text.__ascii_mbtowc
                0x000000000800ca1c       0x24 c:/st/stm32cubeide_1.5.0/stm32cubeide/plugins/com.st.stm32cube.ide.mcu.externaltools.gnu-tools-for-stm32.7-2018-q2-update.win32_1.5.0.202011040924/tools/bin/../lib/gcc/arm-none-eabi/7.3.1/../../../../arm-none-eabi/lib/thumb/v7e-m/fpv4-sp/hard\libc_nano.a(lib_a-mbtowc_r.o)
                0x000000000800ca1c                __ascii_mbtowc
 .text.memmove  0x000000000800ca40       0x32 c:/st/stm32cubeide_1.5.0/stm32cubeide/plugins/com.st.stm32cube.ide.mcu.externaltools.gnu-tools-for-stm32.7-2018-q2-update.win32_1.5.0.202011040924/tools/bin/../lib/gcc/arm-none-eabi/7.3.1/../../../../arm-none-eabi/lib/thumb/v7e-m/fpv4-sp/hard\libc_nano.a(lib_a-memmove.o)
                0x000000000800ca40                memmove
 .text.__malloc_lock
                0x000000000800ca72        0x2 c:/st/stm32cubeide_1.5.0/stm32cubeide/plugins/com.st.stm32cube.ide.mcu.externaltools.gnu-tools-for-stm32.7-2018-q2-update.win32_1.5.0.202011040924/tools/bin/../lib/gcc/arm-none-eabi/7.3.1/../../../../arm-none-eabi/lib/thumb/v7e-m/fpv4-sp/hard\libc_nano.a(lib_a-mlock.o)
                0x000000000800ca72                __malloc_lock
 .text.__malloc_unlock
                0x000000000800ca74        0x2 c:/st/stm32cubeide_1.5.0/stm32cubeide/plugins/com.st.stm32cube.ide.mcu.externaltools.gnu-tools-for-stm32.7-2018-q2-update.win32_1.5.0.202011040924/tools/bin/../lib/gcc/arm-none-eabi/7.3.1/../../../../arm-none-eabi/lib/thumb/v7e-m/fpv4-sp/hard\libc_nano.a(lib_a-mlock.o)
                0x000000000800ca74                __malloc_unlock
 .text._realloc_r
                0x000000000800ca76       0x4c c:/st/stm32cubeide_1.5.0/stm32cubeide/plugins/com.st.stm32cube.ide.mcu.externaltools.gnu-tools-for-stm32.7-2018-q2-update.win32_1.5.0.202011040924/tools/bin/../lib/gcc/arm-none-eabi/7.3.1/../../../../arm-none-eabi/lib/thumb/v7e-m/fpv4-sp/hard\libc_nano.a(lib_a-nano-reallocr.o)
                0x000000000800ca76                _realloc_r
 .text.__ascii_wctomb
                0x000000000800cac2       0x1a c:/st/stm32cubeide_1.5.0/stm32cubeide/plugins/com.st.stm32cube.ide.mcu.externaltools.gnu-tools-for-stm32.7-2018-q2-update.win32_1.5.0.202011040924/tools/bin/../lib/gcc/arm-none-eabi/7.3.1/../../../../arm-none-eabi/lib/thumb/v7e-m/fpv4-sp/hard\libc_nano.a(lib_a-wctomb_r.o)
                0x000000000800cac2                __ascii_wctomb
 .text._malloc_usable_size_r
                0x000000000800cadc       0x10 c:/st/stm32cubeide_1.5.0/stm32cubeide/plugins/com.st.stm32cube.ide.mcu.externaltools.gnu-tools-for-stm32.7-2018-q2-update.win32_1.5.0.202011040924/tools/bin/../lib/gcc/arm-none-eabi/7.3.1/../../../../arm-none-eabi/lib/thumb/v7e-m/fpv4-sp/hard\libc_nano.a(lib_a-nano-msizer.o)
                0x000000000800cadc                _malloc_usable_size_r
 .text.sqrtf    0x000000000800caec       0xa0 c:/st/stm32cubeide_1.5.0/stm32cubeide/plugins/com.st.stm32cube.ide.mcu.externaltools.gnu-tools-for-stm32.7-2018-q2-update.win32_1.5.0.202011040924/tools/bin/../lib/gcc/arm-none-eabi/7.3.1/../../../../arm-none-eabi/lib/thumb/v7e-m/fpv4-sp/hard\libm.a(lib_a-wf_sqrt.o)
                0x000000000800caec                sqrtf
 .text.__ieee754_sqrtf
                0x000000000800cb8c        0x6 c:/st/stm32cubeide_1.5.0/stm32cubeide/plugins/com.st.stm32cube.ide.mcu.externaltools.gnu-tools-for-stm32.7-2018-q2-update.win32_1.5.0.202011040924/tools/bin/../lib/gcc/arm-none-eabi/7.3.1/../../../../arm-none-eabi/lib/thumb/v7e-m/fpv4-sp/hard\libm.a(lib_a-ef_sqrt.o)
                0x000000000800cb8c                __ieee754_sqrtf
 .text.matherr  0x000000000800cb92        0x4 c:/st/stm32cubeide_1.5.0/stm32cubeide/plugins/com.st.stm32cube.ide.mcu.externaltools.gnu-tools-for-stm32.7-2018-q2-update.win32_1.5.0.202011040924/tools/bin/../lib/gcc/arm-none-eabi/7.3.1/../../../../arm-none-eabi/lib/thumb/v7e-m/fpv4-sp/hard\libm.a(lib_a-s_matherr.o)
                0x000000000800cb92                matherr
 *(.glue_7)
 .glue_7        0x000000000800cb96        0x0 linker stubs
 *(.glue_7t)
 .glue_7t       0x000000000800cb96        0x0 linker stubs
 *(.eh_frame)
 *fill*         0x000000000800cb96        0x2 
 .eh_frame      0x000000000800cb98        0x0 c:/st/stm32cubeide_1.5.0/stm32cubeide/plugins/com.st.stm32cube.ide.mcu.externaltools.gnu-tools-for-stm32.7-2018-q2-update.win32_1.5.0.202011040924/tools/bin/../lib/gcc/arm-none-eabi/7.3.1/thumb/v7e-m/fpv4-sp/hard/crtbegin.o
 *(.init)
 .init          0x000000000800cb98        0x4 c:/st/stm32cubeide_1.5.0/stm32cubeide/plugins/com.st.stm32cube.ide.mcu.externaltools.gnu-tools-for-stm32.7-2018-q2-update.win32_1.5.0.202011040924/tools/bin/../lib/gcc/arm-none-eabi/7.3.1/thumb/v7e-m/fpv4-sp/hard/crti.o
                0x000000000800cb98                _init
 .init          0x000000000800cb9c        0x8 c:/st/stm32cubeide_1.5.0/stm32cubeide/plugins/com.st.stm32cube.ide.mcu.externaltools.gnu-tools-for-stm32.7-2018-q2-update.win32_1.5.0.202011040924/tools/bin/../lib/gcc/arm-none-eabi/7.3.1/thumb/v7e-m/fpv4-sp/hard/crtn.o
 *(.fini)
 .fini          0x000000000800cba4        0x4 c:/st/stm32cubeide_1.5.0/stm32cubeide/plugins/com.st.stm32cube.ide.mcu.externaltools.gnu-tools-for-stm32.7-2018-q2-update.win32_1.5.0.202011040924/tools/bin/../lib/gcc/arm-none-eabi/7.3.1/thumb/v7e-m/fpv4-sp/hard/crti.o
                0x000000000800cba4                _fini
 .fini          0x000000000800cba8        0x8 c:/st/stm32cubeide_1.5.0/stm32cubeide/plugins/com.st.stm32cube.ide.mcu.externaltools.gnu-tools-for-stm32.7-2018-q2-update.win32_1.5.0.202011040924/tools/bin/../lib/gcc/arm-none-eabi/7.3.1/thumb/v7e-m/fpv4-sp/hard/crtn.o
                0x000000000800cbb0                . = ALIGN (0x4)
                0x000000000800cbb0                _etext = .

.vfp11_veneer   0x000000000800cbb0        0x0
 .vfp11_veneer  0x000000000800cbb0        0x0 linker stubs

.v4_bx          0x000000000800cbb0        0x0
 .v4_bx         0x000000000800cbb0        0x0 linker stubs

.iplt           0x000000000800cbb0        0x0
 .iplt          0x000000000800cbb0        0x0 c:/st/stm32cubeide_1.5.0/stm32cubeide/plugins/com.st.stm32cube.ide.mcu.externaltools.gnu-tools-for-stm32.7-2018-q2-update.win32_1.5.0.202011040924/tools/bin/../lib/gcc/arm-none-eabi/7.3.1/thumb/v7e-m/fpv4-sp/hard/crtbegin.o

.rodata         0x000000000800cbb0      0x4a0
                0x000000000800cbb0                . = ALIGN (0x4)
 *(.rodata)
 .rodata        0x000000000800cbb0       0xa6 Core/Src/main.o
 *fill*         0x000000000800cc56        0x2 
 .rodata        0x000000000800cc58        0x8 Core/Src/stm32f3xx_it.o
 .rodata        0x000000000800cc60        0x5 Middlewares/Third_Party/FreeRTOS/Source/tasks.o
 *fill*         0x000000000800cc65        0x3 
 .rodata        0x000000000800cc68        0xd Middlewares/Third_Party/FreeRTOS/Source/timers.o
 *(.rodata*)
 *fill*         0x000000000800cc75        0x3 
 .rodata.ADC1Task_attributes
                0x000000000800cc78       0x24 Core/Src/main.o
                0x000000000800cc78                ADC1Task_attributes
 .rodata.sendPowerTask_attributes
                0x000000000800cc9c       0x24 Core/Src/main.o
                0x000000000800cc9c                sendPowerTask_attributes
 .rodata.processDataTask_attributes
                0x000000000800ccc0       0x24 Core/Src/main.o
                0x000000000800ccc0                processDataTask_attributes
 .rodata.ADC2Task_attributes
                0x000000000800cce4       0x24 Core/Src/main.o
                0x000000000800cce4                ADC2Task_attributes
 .rodata.ADC3Task_attributes
                0x000000000800cd08       0x24 Core/Src/main.o
                0x000000000800cd08                ADC3Task_attributes
 .rodata.ADC4Task_attributes
                0x000000000800cd2c       0x24 Core/Src/main.o
                0x000000000800cd2c                ADC4Task_attributes
 .rodata.ADC1Event_attributes
                0x000000000800cd50       0x10 Core/Src/main.o
                0x000000000800cd50                ADC1Event_attributes
 .rodata.ADC2Event_attributes
                0x000000000800cd60       0x10 Core/Src/main.o
                0x000000000800cd60                ADC2Event_attributes
 .rodata.ADC3Event_attributes
                0x000000000800cd70       0x10 Core/Src/main.o
                0x000000000800cd70                ADC3Event_attributes
 .rodata.ADC4Event_attributes
                0x000000000800cd80       0x10 Core/Src/main.o
                0x000000000800cd80                ADC4Event_attributes
 .rodata.UARTReceiveEvent_attributes
                0x000000000800cd90       0x10 Core/Src/main.o
                0x000000000800cd90                UARTReceiveEvent_attributes
 .rodata.filter_coeff
                0x000000000800cda0       0x14 Core/Src/main.o
                0x000000000800cda0                filter_coeff
 .rodata.AHBPrescTable
                0x000000000800cdb4       0x10 Core/Src/system_stm32f3xx.o
                0x000000000800cdb4                AHBPrescTable
 .rodata.APBPrescTable
                0x000000000800cdc4        0x8 Core/Src/system_stm32f3xx.o
                0x000000000800cdc4                APBPrescTable
 .rodata.aPLLMULFactorTable
                0x000000000800cdcc       0x10 Drivers/STM32F3xx_HAL_Driver/Src/stm32f3xx_hal_rcc.o
                0x000000000800cdcc                aPLLMULFactorTable
 .rodata.aPredivFactorTable
                0x000000000800cddc       0x10 Drivers/STM32F3xx_HAL_Driver/Src/stm32f3xx_hal_rcc.o
                0x000000000800cddc                aPredivFactorTable
 .rodata._printf_float.str1.1
                0x000000000800cdec       0x12 c:/st/stm32cubeide_1.5.0/stm32cubeide/plugins/com.st.stm32cube.ide.mcu.externaltools.gnu-tools-for-stm32.7-2018-q2-update.win32_1.5.0.202011040924/tools/bin/../lib/gcc/arm-none-eabi/7.3.1/../../../../arm-none-eabi/lib/thumb/v7e-m/fpv4-sp/hard\libc_nano.a(lib_a-nano-vfprintf_float.o)
 .rodata._printf_i.str1.1
                0x000000000800cdfe       0x22 c:/st/stm32cubeide_1.5.0/stm32cubeide/plugins/com.st.stm32cube.ide.mcu.externaltools.gnu-tools-for-stm32.7-2018-q2-update.win32_1.5.0.202011040924/tools/bin/../lib/gcc/arm-none-eabi/7.3.1/../../../../arm-none-eabi/lib/thumb/v7e-m/fpv4-sp/hard\libc_nano.a(lib_a-nano-vfprintf_i.o)
 .rodata._dtoa_r.str1.1
                0x000000000800ce20        0xd c:/st/stm32cubeide_1.5.0/stm32cubeide/plugins/com.st.stm32cube.ide.mcu.externaltools.gnu-tools-for-stm32.7-2018-q2-update.win32_1.5.0.202011040924/tools/bin/../lib/gcc/arm-none-eabi/7.3.1/../../../../arm-none-eabi/lib/thumb/v7e-m/fpv4-sp/hard\libc_nano.a(lib_a-dtoa.o)
                                          0xf (size before relaxing)
 *fill*         0x000000000800ce2d        0x3 
 .rodata.__mprec_bigtens
                0x000000000800ce30       0x28 c:/st/stm32cubeide_1.5.0/stm32cubeide/plugins/com.st.stm32cube.ide.mcu.externaltools.gnu-tools-for-stm32.7-2018-q2-update.win32_1.5.0.202011040924/tools/bin/../lib/gcc/arm-none-eabi/7.3.1/../../../../arm-none-eabi/lib/thumb/v7e-m/fpv4-sp/hard\libc_nano.a(lib_a-mprec.o)
                0x000000000800ce30                __mprec_bigtens
 .rodata.__mprec_tens
                0x000000000800ce58       0xc8 c:/st/stm32cubeide_1.5.0/stm32cubeide/plugins/com.st.stm32cube.ide.mcu.externaltools.gnu-tools-for-stm32.7-2018-q2-update.win32_1.5.0.202011040924/tools/bin/../lib/gcc/arm-none-eabi/7.3.1/../../../../arm-none-eabi/lib/thumb/v7e-m/fpv4-sp/hard\libc_nano.a(lib_a-mprec.o)
                0x000000000800ce58                __mprec_tens
 .rodata.p05.7359
                0x000000000800cf20        0xc c:/st/stm32cubeide_1.5.0/stm32cubeide/plugins/com.st.stm32cube.ide.mcu.externaltools.gnu-tools-for-stm32.7-2018-q2-update.win32_1.5.0.202011040924/tools/bin/../lib/gcc/arm-none-eabi/7.3.1/../../../../arm-none-eabi/lib/thumb/v7e-m/fpv4-sp/hard\libc_nano.a(lib_a-mprec.o)
 .rodata._svfprintf_r.str1.1
                0x000000000800cf2c       0x11 c:/st/stm32cubeide_1.5.0/stm32cubeide/plugins/com.st.stm32cube.ide.mcu.externaltools.gnu-tools-for-stm32.7-2018-q2-update.win32_1.5.0.202011040924/tools/bin/../lib/gcc/arm-none-eabi/7.3.1/../../../../arm-none-eabi/lib/thumb/v7e-m/fpv4-sp/hard\libc_nano.a(lib_a-nano-svfprintf.o)
 .rodata._setlocale_r.str1.1
                0x000000000800cf3d        0x8 c:/st/stm32cubeide_1.5.0/stm32cubeide/plugins/com.st.stm32cube.ide.mcu.externaltools.gnu-tools-for-stm32.7-2018-q2-update.win32_1.5.0.202011040924/tools/bin/../lib/gcc/arm-none-eabi/7.3.1/../../../../arm-none-eabi/lib/thumb/v7e-m/fpv4-sp/hard\libc_nano.a(lib_a-locale.o)
                                          0x9 (size before relaxing)
 .rodata.str1.1
                0x000000000800cf45        0x2 c:/st/stm32cubeide_1.5.0/stm32cubeide/plugins/com.st.stm32cube.ide.mcu.externaltools.gnu-tools-for-stm32.7-2018-q2-update.win32_1.5.0.202011040924/tools/bin/../lib/gcc/arm-none-eabi/7.3.1/../../../../arm-none-eabi/lib/thumb/v7e-m/fpv4-sp/hard\libc_nano.a(lib_a-locale.o)
 .rodata._ctype_
                0x000000000800cf47      0x101 c:/st/stm32cubeide_1.5.0/stm32cubeide/plugins/com.st.stm32cube.ide.mcu.externaltools.gnu-tools-for-stm32.7-2018-q2-update.win32_1.5.0.202011040924/tools/bin/../lib/gcc/arm-none-eabi/7.3.1/../../../../arm-none-eabi/lib/thumb/v7e-m/fpv4-sp/hard\libc_nano.a(lib_a-ctype_.o)
                0x000000000800cf47                _ctype_
 .rodata.sqrtf.str1.1
                0x000000000800d048        0x6 c:/st/stm32cubeide_1.5.0/stm32cubeide/plugins/com.st.stm32cube.ide.mcu.externaltools.gnu-tools-for-stm32.7-2018-q2-update.win32_1.5.0.202011040924/tools/bin/../lib/gcc/arm-none-eabi/7.3.1/../../../../arm-none-eabi/lib/thumb/v7e-m/fpv4-sp/hard\libm.a(lib_a-wf_sqrt.o)
                0x000000000800d050                . = ALIGN (0x4)
 *fill*         0x000000000800d04e        0x2 

.rel.dyn        0x000000000800d050        0x0
 .rel.iplt      0x000000000800d050        0x0 c:/st/stm32cubeide_1.5.0/stm32cubeide/plugins/com.st.stm32cube.ide.mcu.externaltools.gnu-tools-for-stm32.7-2018-q2-update.win32_1.5.0.202011040924/tools/bin/../lib/gcc/arm-none-eabi/7.3.1/thumb/v7e-m/fpv4-sp/hard/crtbegin.o

.ARM.extab      0x000000000800d050        0x0
                0x000000000800d050                . = ALIGN (0x4)
 *(.ARM.extab* .gnu.linkonce.armextab.*)
                0x000000000800d050                . = ALIGN (0x4)

.ARM            0x000000000800d050        0x0
                0x000000000800d050                . = ALIGN (0x4)
                0x000000000800d050                __exidx_start = .
 *(.ARM.exidx*)
                0x000000000800d050                __exidx_end = .
                0x000000000800d050                . = ALIGN (0x4)

.preinit_array  0x000000000800d050        0x0
                0x000000000800d050                . = ALIGN (0x4)
                0x000000000800d050                PROVIDE (__preinit_array_start = .)
 *(.preinit_array*)
                0x000000000800d050                PROVIDE (__preinit_array_end = .)
                0x000000000800d050                . = ALIGN (0x4)

.init_array     0x000000000800d050        0x4
                0x000000000800d050                . = ALIGN (0x4)
                0x000000000800d050                PROVIDE (__init_array_start = .)
 *(SORT_BY_NAME(.init_array.*))
 *(.init_array*)
 .init_array    0x000000000800d050        0x4 c:/st/stm32cubeide_1.5.0/stm32cubeide/plugins/com.st.stm32cube.ide.mcu.externaltools.gnu-tools-for-stm32.7-2018-q2-update.win32_1.5.0.202011040924/tools/bin/../lib/gcc/arm-none-eabi/7.3.1/thumb/v7e-m/fpv4-sp/hard/crtbegin.o
                0x000000000800d054                PROVIDE (__init_array_end = .)
                0x000000000800d054                . = ALIGN (0x4)

.fini_array     0x000000000800d054        0x4
                0x000000000800d054                . = ALIGN (0x4)
                [!provide]                        PROVIDE (__fini_array_start = .)
 *(SORT_BY_NAME(.fini_array.*))
 *(.fini_array*)
 .fini_array    0x000000000800d054        0x4 c:/st/stm32cubeide_1.5.0/stm32cubeide/plugins/com.st.stm32cube.ide.mcu.externaltools.gnu-tools-for-stm32.7-2018-q2-update.win32_1.5.0.202011040924/tools/bin/../lib/gcc/arm-none-eabi/7.3.1/thumb/v7e-m/fpv4-sp/hard/crtbegin.o
                [!provide]                        PROVIDE (__fini_array_end = .)
                0x000000000800d058                . = ALIGN (0x4)
                0x000000000800d058                _sidata = LOADADDR (.data)

.data           0x0000000020000000      0x1e4 load address 0x000000000800d058
                0x0000000020000000                . = ALIGN (0x4)
                0x0000000020000000                _sdata = .
 *(.data)
 *(.data*)
 .data.SystemCoreClock
                0x0000000020000000        0x4 Core/Src/system_stm32f3xx.o
                0x0000000020000000                SystemCoreClock
 .data.uwTickPrio
                0x0000000020000004        0x4 Drivers/STM32F3xx_HAL_Driver/Src/stm32f3xx_hal.o
                0x0000000020000004                uwTickPrio
 .data.uwTickFreq
                0x0000000020000008        0x1 Drivers/STM32F3xx_HAL_Driver/Src/stm32f3xx_hal.o
                0x0000000020000008                uwTickFreq
 *fill*         0x0000000020000009        0x3 
 .data.uxCriticalNesting
                0x000000002000000c        0x4 Middlewares/Third_Party/FreeRTOS/Source/portable/GCC/ARM_CM4F/port.o
 .data._impure_ptr
                0x0000000020000010        0x4 c:/st/stm32cubeide_1.5.0/stm32cubeide/plugins/com.st.stm32cube.ide.mcu.externaltools.gnu-tools-for-stm32.7-2018-q2-update.win32_1.5.0.202011040924/tools/bin/../lib/gcc/arm-none-eabi/7.3.1/../../../../arm-none-eabi/lib/thumb/v7e-m/fpv4-sp/hard\libc_nano.a(lib_a-impure.o)
                0x0000000020000010                _impure_ptr
 .data.impure_data
                0x0000000020000014       0x60 c:/st/stm32cubeide_1.5.0/stm32cubeide/plugins/com.st.stm32cube.ide.mcu.externaltools.gnu-tools-for-stm32.7-2018-q2-update.win32_1.5.0.202011040924/tools/bin/../lib/gcc/arm-none-eabi/7.3.1/../../../../arm-none-eabi/lib/thumb/v7e-m/fpv4-sp/hard\libc_nano.a(lib_a-impure.o)
 .data.__global_locale
                0x0000000020000074      0x16c c:/st/stm32cubeide_1.5.0/stm32cubeide/plugins/com.st.stm32cube.ide.mcu.externaltools.gnu-tools-for-stm32.7-2018-q2-update.win32_1.5.0.202011040924/tools/bin/../lib/gcc/arm-none-eabi/7.3.1/../../../../arm-none-eabi/lib/thumb/v7e-m/fpv4-sp/hard\libc_nano.a(lib_a-locale.o)
                0x0000000020000074                __global_locale
 .data.__fdlib_version
                0x00000000200001e0        0x1 c:/st/stm32cubeide_1.5.0/stm32cubeide/plugins/com.st.stm32cube.ide.mcu.externaltools.gnu-tools-for-stm32.7-2018-q2-update.win32_1.5.0.202011040924/tools/bin/../lib/gcc/arm-none-eabi/7.3.1/../../../../arm-none-eabi/lib/thumb/v7e-m/fpv4-sp/hard\libm.a(lib_a-s_lib_ver.o)
                0x00000000200001e0                __fdlib_version
                0x00000000200001e4                . = ALIGN (0x4)
 *fill*         0x00000000200001e1        0x3 
                0x00000000200001e4                _edata = .

.igot.plt       0x00000000200001e4        0x0 load address 0x000000000800d23c
 .igot.plt      0x00000000200001e4        0x0 c:/st/stm32cubeide_1.5.0/stm32cubeide/plugins/com.st.stm32cube.ide.mcu.externaltools.gnu-tools-for-stm32.7-2018-q2-update.win32_1.5.0.202011040924/tools/bin/../lib/gcc/arm-none-eabi/7.3.1/thumb/v7e-m/fpv4-sp/hard/crtbegin.o
                0x00000000200001e4                . = ALIGN (0x4)

.bss            0x00000000200001e4     0x8c10 load address 0x000000000800d23c
                0x00000000200001e4                _sbss = .
                0x00000000200001e4                __bss_start__ = _sbss
 *(.bss)
 .bss           0x00000000200001e4       0x1c c:/st/stm32cubeide_1.5.0/stm32cubeide/plugins/com.st.stm32cube.ide.mcu.externaltools.gnu-tools-for-stm32.7-2018-q2-update.win32_1.5.0.202011040924/tools/bin/../lib/gcc/arm-none-eabi/7.3.1/thumb/v7e-m/fpv4-sp/hard/crtbegin.o
 *(.bss*)
 .bss.data      0x0000000020000200       0xc8 Core/Src/main.o
                0x0000000020000200                data
 .bss.adc1State
                0x00000000200002c8        0x1 Core/Src/main.o
                0x00000000200002c8                adc1State
 *fill*         0x00000000200002c9        0x1 
 .bss.rxChar.13404
                0x00000000200002ca        0x2 Core/Src/main.o
 .bss.captureSerial.13402
                0x00000000200002cc        0x1 Core/Src/main.o
 .bss.stringComplete.13403
                0x00000000200002cd        0x1 Core/Src/main.o
 *fill*         0x00000000200002ce        0x2 
 .bss.length.13401
                0x00000000200002d0        0x4 Core/Src/main.o
 .bss.HAL_RCC_ADC12_CLK_ENABLED
                0x00000000200002d4        0x4 Core/Src/stm32f3xx_hal_msp.o
 .bss.HAL_RCC_ADC34_CLK_ENABLED
                0x00000000200002d8        0x4 Core/Src/stm32f3xx_hal_msp.o
 .bss.__sbrk_heap_end
                0x00000000200002dc        0x4 Core/Src/sysmem.o
 .bss.KernelState
                0x00000000200002e0        0x4 Middlewares/Third_Party/FreeRTOS/Source/CMSIS_RTOS_V2/cmsis_os2.o
 .bss.Idle_TCB  0x00000000200002e4       0x5c Middlewares/Third_Party/FreeRTOS/Source/CMSIS_RTOS_V2/cmsis_os2.o
 .bss.Idle_Stack
                0x0000000020000340      0x200 Middlewares/Third_Party/FreeRTOS/Source/CMSIS_RTOS_V2/cmsis_os2.o
 .bss.Timer_TCB
                0x0000000020000540       0x5c Middlewares/Third_Party/FreeRTOS/Source/CMSIS_RTOS_V2/cmsis_os2.o
 .bss.Timer_Stack
                0x000000002000059c      0x400 Middlewares/Third_Party/FreeRTOS/Source/CMSIS_RTOS_V2/cmsis_os2.o
 .bss.pxCurrentTCB
                0x000000002000099c        0x4 Middlewares/Third_Party/FreeRTOS/Source/tasks.o
                0x000000002000099c                pxCurrentTCB
 .bss.pxReadyTasksLists
                0x00000000200009a0      0x460 Middlewares/Third_Party/FreeRTOS/Source/tasks.o
 .bss.xDelayedTaskList1
                0x0000000020000e00       0x14 Middlewares/Third_Party/FreeRTOS/Source/tasks.o
 .bss.xDelayedTaskList2
                0x0000000020000e14       0x14 Middlewares/Third_Party/FreeRTOS/Source/tasks.o
 .bss.pxDelayedTaskList
                0x0000000020000e28        0x4 Middlewares/Third_Party/FreeRTOS/Source/tasks.o
 .bss.pxOverflowDelayedTaskList
                0x0000000020000e2c        0x4 Middlewares/Third_Party/FreeRTOS/Source/tasks.o
 .bss.xPendingReadyList
                0x0000000020000e30       0x14 Middlewares/Third_Party/FreeRTOS/Source/tasks.o
 .bss.xTasksWaitingTermination
                0x0000000020000e44       0x14 Middlewares/Third_Party/FreeRTOS/Source/tasks.o
 .bss.uxDeletedTasksWaitingCleanUp
                0x0000000020000e58        0x4 Middlewares/Third_Party/FreeRTOS/Source/tasks.o
 .bss.xSuspendedTaskList
                0x0000000020000e5c       0x14 Middlewares/Third_Party/FreeRTOS/Source/tasks.o
 .bss.uxCurrentNumberOfTasks
                0x0000000020000e70        0x4 Middlewares/Third_Party/FreeRTOS/Source/tasks.o
 .bss.xTickCount
                0x0000000020000e74        0x4 Middlewares/Third_Party/FreeRTOS/Source/tasks.o
 .bss.uxTopReadyPriority
                0x0000000020000e78        0x4 Middlewares/Third_Party/FreeRTOS/Source/tasks.o
 .bss.xSchedulerRunning
                0x0000000020000e7c        0x4 Middlewares/Third_Party/FreeRTOS/Source/tasks.o
 .bss.uxPendedTicks
                0x0000000020000e80        0x4 Middlewares/Third_Party/FreeRTOS/Source/tasks.o
 .bss.xYieldPending
                0x0000000020000e84        0x4 Middlewares/Third_Party/FreeRTOS/Source/tasks.o
 .bss.xNumOfOverflows
                0x0000000020000e88        0x4 Middlewares/Third_Party/FreeRTOS/Source/tasks.o
 .bss.uxTaskNumber
                0x0000000020000e8c        0x4 Middlewares/Third_Party/FreeRTOS/Source/tasks.o
 .bss.xNextTaskUnblockTime
                0x0000000020000e90        0x4 Middlewares/Third_Party/FreeRTOS/Source/tasks.o
 .bss.xIdleTaskHandle
                0x0000000020000e94        0x4 Middlewares/Third_Party/FreeRTOS/Source/tasks.o
 .bss.uxSchedulerSuspended
                0x0000000020000e98        0x4 Middlewares/Third_Party/FreeRTOS/Source/tasks.o
 .bss.xActiveTimerList1
                0x0000000020000e9c       0x14 Middlewares/Third_Party/FreeRTOS/Source/timers.o
 .bss.xActiveTimerList2
                0x0000000020000eb0       0x14 Middlewares/Third_Party/FreeRTOS/Source/timers.o
 .bss.pxCurrentTimerList
                0x0000000020000ec4        0x4 Middlewares/Third_Party/FreeRTOS/Source/timers.o
 .bss.pxOverflowTimerList
                0x0000000020000ec8        0x4 Middlewares/Third_Party/FreeRTOS/Source/timers.o
 .bss.xTimerQueue
                0x0000000020000ecc        0x4 Middlewares/Third_Party/FreeRTOS/Source/timers.o
 .bss.xTimerTaskHandle
                0x0000000020000ed0        0x4 Middlewares/Third_Party/FreeRTOS/Source/timers.o
 .bss.xLastTime.6727
                0x0000000020000ed4        0x4 Middlewares/Third_Party/FreeRTOS/Source/timers.o
 .bss.ucStaticTimerQueueStorage.6778
                0x0000000020000ed8       0xa0 Middlewares/Third_Party/FreeRTOS/Source/timers.o
 .bss.xStaticTimerQueue.6777
                0x0000000020000f78       0x50 Middlewares/Third_Party/FreeRTOS/Source/timers.o
 .bss.ucMaxSysCallPriority
                0x0000000020000fc8        0x1 Middlewares/Third_Party/FreeRTOS/Source/portable/GCC/ARM_CM4F/port.o
 *fill*         0x0000000020000fc9        0x3 
 .bss.ulMaxPRIGROUPValue
                0x0000000020000fcc        0x4 Middlewares/Third_Party/FreeRTOS/Source/portable/GCC/ARM_CM4F/port.o
 .bss.ucHeap    0x0000000020000fd0     0x1800 Middlewares/Third_Party/FreeRTOS/Source/portable/MemMang/heap_4.o
 .bss.xStart    0x00000000200027d0        0x8 Middlewares/Third_Party/FreeRTOS/Source/portable/MemMang/heap_4.o
 .bss.pxEnd     0x00000000200027d8        0x4 Middlewares/Third_Party/FreeRTOS/Source/portable/MemMang/heap_4.o
 .bss.xFreeBytesRemaining
                0x00000000200027dc        0x4 Middlewares/Third_Party/FreeRTOS/Source/portable/MemMang/heap_4.o
 .bss.xMinimumEverFreeBytesRemaining
                0x00000000200027e0        0x4 Middlewares/Third_Party/FreeRTOS/Source/portable/MemMang/heap_4.o
 .bss.xBlockAllocatedBit
                0x00000000200027e4        0x4 Middlewares/Third_Party/FreeRTOS/Source/portable/MemMang/heap_4.o
 .bss.__malloc_free_list
                0x00000000200027e8        0x4 c:/st/stm32cubeide_1.5.0/stm32cubeide/plugins/com.st.stm32cube.ide.mcu.externaltools.gnu-tools-for-stm32.7-2018-q2-update.win32_1.5.0.202011040924/tools/bin/../lib/gcc/arm-none-eabi/7.3.1/../../../../arm-none-eabi/lib/thumb/v7e-m/fpv4-sp/hard\libc_nano.a(lib_a-nano-mallocr.o)
                0x00000000200027e8                __malloc_free_list
 .bss.__malloc_sbrk_start
                0x00000000200027ec        0x4 c:/st/stm32cubeide_1.5.0/stm32cubeide/plugins/com.st.stm32cube.ide.mcu.externaltools.gnu-tools-for-stm32.7-2018-q2-update.win32_1.5.0.202011040924/tools/bin/../lib/gcc/arm-none-eabi/7.3.1/../../../../arm-none-eabi/lib/thumb/v7e-m/fpv4-sp/hard\libc_nano.a(lib_a-nano-mallocr.o)
                0x00000000200027ec                __malloc_sbrk_start
 *(COMMON)
 COMMON         0x00000000200027f0     0x6570 Core/Src/main.o
                0x00000000200027f0                prevTest
                0x00000000200027f4                ADC2TaskHandle
                0x00000000200027f8                deltaTest
                0x00000000200027fc                filter_output_adc2
                0x0000000020002e64                hdma_adc4