main.c:203:6:module_init	16	static
main.c:253:5:main	8	static
main.c:383:6:SystemClock_Config	128	static
main.c:430:13:MX_ADC1_Init	48	static
main.c:517:13:MX_ADC2_Init	32	static
main.c:596:13:MX_ADC3_Init	48	static
main.c:683:13:MX_ADC4_Init	32	static
main.c:738:13:MX_TIM2_Init	40	static
main.c:783:13:MX_USART1_UART_Init	8	static
main.c:818:13:MX_USART3_UART_Init	8	static
main.c:851:13:MX_DMA_Init	16	static
main.c:879:13:MX_GPIO_Init	40	static
main.c:914:6:HAL_ADC_ConvCpltCallback	16	static
main.c:925:6:HAL_ADC_ConvHalfCpltCallback	16	static
main.c:937:6:HAL_UART_RxCpltCallback	16	static
main.c:1009:6:StartADC1Task	32	static
main.c:1046:6:StartSendPowerTask	24	static
main.c:1072:6:StartProcessDataTask	24	static
main.c:1109:6:StartADC2Task	32	static
main.c:1146:6:StartADC3Task	32	static
main.c:1183:6:StartADC4Task	16	static
main.c:1203:6:HAL_TIM_PeriodElapsedCallback	16	static
main.c:1226:6:Error_Handler	4	static
