stm32f3xx_it.c:77:6:NMI_Handler	4	static
stm32f3xx_it.c:90:6:HardFault_Handler	8	static
stm32f3xx_it.c:107:6:MemManage_Handler	4	static
stm32f3xx_it.c:122:6:BusFault_Handler	4	static
stm32f3xx_it.c:137:6:UsageFault_Handler	4	static
stm32f3xx_it.c:152:6:DebugMon_Handler	4	static
stm32f3xx_it.c:172:6:DMA1_Channel1_IRQHandler	8	static
stm32f3xx_it.c:186:6:TIM2_IRQHandler	8	static
stm32f3xx_it.c:200:6:USART3_IRQHandler	8	static
stm32f3xx_it.c:218:6:TIM7_IRQHandler	8	static
stm32f3xx_it.c:232:6:DMA2_Channel1_IRQHandler	8	static
stm32f3xx_it.c:246:6:DMA2_Channel2_IRQHandler	8	static
stm32f3xx_it.c:260:6:DMA2_Channel5_IRQHandler	8	static
